2026-05-13 13:55:01.776 INFO  [] [           main] c.d.m.DeltaForceManagerApplication       : Starting DeltaForceManagerApplication using Java 17.0.16 with PID 22424 (E:\learning\DeltaForceManager\target\classes started by Administrator in E:\learning\DeltaForceManager)
2026-05-13 13:55:01.777 DEBUG [] [           main] c.d.m.DeltaForceManagerApplication       : Running with Spring Boot v3.5.0, Spring v6.2.7
2026-05-13 13:55:01.778 INFO  [] [           main] c.d.m.DeltaForceManagerApplication       : No active profile set, falling back to 1 default profile: "default"
2026-05-13 13:55:02.395 DEBUG [] [           main] org.apache.ibatis.logging.LogFactory     : Logging initialized using 'class org.apache.ibatis.logging.slf4j.Slf4jImpl' adapter.
2026-05-13 13:55:02.736 INFO  [] [           main] o.s.b.w.embedded.tomcat.TomcatWebServer  : Tomcat initialized with port 8080 (http)
2026-05-13 13:55:02.745 INFO  [] [           main] o.a.coyote.http11.Http11NioProtocol      : Initializing ProtocolHandler ["http-nio-8080"]
2026-05-13 13:55:02.746 INFO  [] [           main] o.apache.catalina.core.StandardService   : Starting service [Tomcat]
2026-05-13 13:55:02.747 INFO  [] [           main] o.apache.catalina.core.StandardEngine    : Starting Servlet engine: [Apache Tomcat/10.1.41]
2026-05-13 13:55:02.833 INFO  [] [           main] o.a.c.c.C.[Tomcat].[localhost].[/]       : Initializing Spring embedded WebApplicationContext
2026-05-13 13:55:02.834 INFO  [] [           main] w.s.c.ServletWebServerApplicationContext : Root WebApplicationContext: initialization completed in 1016 ms
2026-05-13 13:55:02.932 DEBUG [] [           main] c.d.m.config.JwtAuthenticationFilter     : Filter 'jwtAuthenticationFilter' configured for use
2026-05-13 13:55:03.086 DEBUG [] [           main] org.apache.ibatis.logging.LogFactory     : Logging initialized using 'class org.apache.ibatis.logging.slf4j.Slf4jImpl' adapter.
2026-05-13 13:55:03.101 DEBUG [] [           main] c.b.m.e.s.MybatisSqlSessionFactoryBean   : Registered plugin: 'MybatisPlusInterceptor{interceptors=[PaginationInnerInterceptor(logger=org.apache.ibatis.logging.slf4j.Slf4jImpl@68d6f48e, overflow=false, maxLimit=null, dbType=MYSQL, dialect=null, optimizeJoin=true)]}'
2026-05-13 13:55:03.104 DEBUG [] [           main] c.b.m.e.s.MybatisSqlSessionFactoryBean   : Property 'mapperLocations' was not specified.
2026-05-13 13:55:03.187 DEBUG [] [           main] c.b.mybatisplus.core.toolkit.Sequence    : Get /192.168.151.58 network interface 
2026-05-13 13:55:03.196 DEBUG [] [           main] c.b.mybatisplus.core.toolkit.Sequence    : Get network interface info: name:wlan1 (Realtek RTL8852BE WiFi 6 802.11ax PCIe Adapter)
2026-05-13 13:55:03.200 DEBUG [] [           main] c.b.mybatisplus.core.toolkit.Sequence    : Initialization Sequence datacenterId:13 workerId:20
2026-05-13 13:55:03.804 ERROR [] [           main] c.d.m.s.i.MinioFileStorageServiceImpl    : MinIO bucket 初始化失败
java.net.ConnectException: Failed to connect to localhost/[0:0:0:0:0:0:0:1]:9000
	at okhttp3.internal.connection.RealConnection.connectSocket(RealConnection.kt:297)
	at okhttp3.internal.connection.RealConnection.connect(RealConnection.kt:207)
	at okhttp3.internal.connection.ExchangeFinder.findConnection(ExchangeFinder.kt:226)
	at okhttp3.internal.connection.ExchangeFinder.findHealthyConnection(ExchangeFinder.kt:106)
	at okhttp3.internal.connection.ExchangeFinder.find(ExchangeFinder.kt:74)
	at okhttp3.internal.connection.RealCall.initExchange$okhttp(RealCall.kt:255)
	at okhttp3.internal.connection.ConnectInterceptor.intercept(ConnectInterceptor.kt:32)
	at okhttp3.internal.http.RealInterceptorChain.proceed(RealInterceptorChain.kt:109)
	at okhttp3.internal.cache.CacheInterceptor.intercept(CacheInterceptor.kt:95)
	at okhttp3.internal.http.RealInterceptorChain.proceed(RealInterceptorChain.kt:109)
	at okhttp3.internal.http.BridgeInterceptor.intercept(BridgeInterceptor.kt:83)
	at okhttp3.internal.http.RealInterceptorChain.proceed(RealInterceptorChain.kt:109)
	at okhttp3.internal.http.RetryAndFollowUpInterceptor.intercept(RetryAndFollowUpInterceptor.kt:76)
	at okhttp3.internal.http.RealInterceptorChain.proceed(RealInterceptorChain.kt:109)
	at okhttp3.internal.connection.RealCall.getResponseWithInterceptorChain$okhttp(RealCall.kt:201)
	at okhttp3.internal.connection.RealCall$AsyncCall.run(RealCall.kt:517)
	at java.base/java.util.concurrent.ThreadPoolExecutor.runWorker(ThreadPoolExecutor.java:1136)
	at java.base/java.util.concurrent.ThreadPoolExecutor$Worker.run(ThreadPoolExecutor.java:635)
	at java.base/java.lang.Thread.run(Thread.java:840)
	Suppressed: java.net.ConnectException: Failed to connect to localhost/127.0.0.1:9000
		... 19 common frames omitted
	Caused by: java.net.ConnectException: Connection refused: getsockopt
		at java.base/sun.nio.ch.Net.pollConnect(Native Method)
		at java.base/sun.nio.ch.Net.pollConnectNow(Net.java:672)
		at java.base/sun.nio.ch.NioSocketImpl.timedFinishConnect(NioSocketImpl.java:547)
		at java.base/sun.nio.ch.NioSocketImpl.connect(NioSocketImpl.java:602)
		at java.base/java.net.SocksSocketImpl.connect(SocksSocketImpl.java:327)
		at java.base/java.net.Socket.connect(Socket.java:633)
		at okhttp3.internal.platform.Platform.connectSocket(Platform.kt:128)
		at okhttp3.internal.connection.RealConnection.connectSocket(RealConnection.kt:295)
		... 18 common frames omitted
Caused by: java.net.ConnectException: Connection refused: getsockopt
	at java.base/sun.nio.ch.Net.pollConnect(Native Method)
	at java.base/sun.nio.ch.Net.pollConnectNow(Net.java:672)
	at java.base/sun.nio.ch.NioSocketImpl.timedFinishConnect(NioSocketImpl.java:547)
	at java.base/sun.nio.ch.NioSocketImpl.connect(NioSocketImpl.java:602)
	at java.base/java.net.SocksSocketImpl.connect(SocksSocketImpl.java:327)
	at java.base/java.net.Socket.connect(Socket.java:633)
	at okhttp3.internal.platform.Platform.connectSocket(Platform.kt:128)
	at okhttp3.internal.connection.RealConnection.connectSocket(RealConnection.kt:295)
	... 18 common frames omitted
2026-05-13 13:55:04.106 WARN  [] [           main] .s.s.UserDetailsServiceAutoConfiguration : 

Using generated security password: e8b18e7d-90f2-44ed-a521-6da41fa37c88

This generated password is for development use only. Your security configuration must be updated before running your application in production.

2026-05-13 13:55:04.112 INFO  [] [           main] r$InitializeUserDetailsManagerConfigurer : Global AuthenticationManager configured with UserDetailsService bean with name inMemoryUserDetailsManager
2026-05-13 13:55:04.232 INFO  [] [           main] o.s.v.b.OptionalValidatorFactoryBean     : Failed to set up a Bean Validation provider: jakarta.validation.NoProviderFoundException: Unable to create a Configuration, because no Jakarta Bean Validation provider could be found. Add a provider like Hibernate Validator (RI) to your classpath.
2026-05-13 13:55:04.456 INFO  [] [           main] org.quartz.impl.StdSchedulerFactory      : Using default implementation for ThreadExecutor
2026-05-13 13:55:04.465 INFO  [] [           main] org.quartz.core.SchedulerSignalerImpl    : Initialized Scheduler Signaller of type: class org.quartz.core.SchedulerSignalerImpl
2026-05-13 13:55:04.466 INFO  [] [           main] org.quartz.core.QuartzScheduler          : Quartz Scheduler v2.5.0 created.
2026-05-13 13:55:04.466 INFO  [] [           main] org.quartz.simpl.RAMJobStore             : RAMJobStore initialized.
2026-05-13 13:55:04.467 INFO  [] [           main] org.quartz.core.QuartzScheduler          : Scheduler meta-data: Quartz Scheduler (v2.5.0) 'quartzScheduler' with instanceId 'NON_CLUSTERED'
  Scheduler class: 'org.quartz.core.QuartzScheduler' - running locally.
  NOT STARTED.
  Currently in standby mode.
  Number of jobs executed: 0
  Using thread pool 'org.quartz.simpl.SimpleThreadPool' - with 10 threads.
  Using job-store 'org.quartz.simpl.RAMJobStore' - which does not support persistence. and is not clustered.

2026-05-13 13:55:04.467 INFO  [] [           main] org.quartz.impl.StdSchedulerFactory      : Quartz scheduler 'quartzScheduler' initialized from an externally provided properties instance.
2026-05-13 13:55:04.467 INFO  [] [           main] org.quartz.impl.StdSchedulerFactory      : Quartz scheduler version: 2.5.0
2026-05-13 13:55:04.467 INFO  [] [           main] org.quartz.core.QuartzScheduler          : JobFactory set to: org.springframework.scheduling.quartz.SpringBeanJobFactory@8c3b634
2026-05-13 13:55:04.515 INFO  [] [           main] o.a.coyote.http11.Http11NioProtocol      : Starting ProtocolHandler ["http-nio-8080"]
2026-05-13 13:55:04.529 INFO  [] [           main] o.s.b.w.embedded.tomcat.TomcatWebServer  : Tomcat started on port 8080 (http) with context path '/'
2026-05-13 13:55:04.530 INFO  [] [           main] o.s.s.quartz.SchedulerFactoryBean        : Starting Quartz Scheduler now
2026-05-13 13:55:04.531 INFO  [] [           main] org.quartz.core.QuartzScheduler          : Scheduler quartzScheduler_$_NON_CLUSTERED started.
2026-05-13 13:55:04.538 INFO  [] [           main] c.d.m.DeltaForceManagerApplication       : Started DeltaForceManagerApplication in 3.21 seconds (process running for 3.879)
2026-05-13 13:55:04.599 INFO  [] [           main] com.zaxxer.hikari.HikariDataSource       : HikariPool-1 - Starting...
2026-05-13 13:55:05.049 INFO  [] [           main] com.zaxxer.hikari.pool.HikariPool        : HikariPool-1 - Added connection com.mysql.cj.jdbc.ConnectionImpl@3a9040f0
2026-05-13 13:55:05.054 INFO  [] [           main] com.zaxxer.hikari.HikariDataSource       : HikariPool-1 - Start completed.
2026-05-13 13:55:05.068 DEBUG [] [           main] c.d.m.mapper.SysUserMapper.selectList    : ==>  Preparing: SELECT id,username,password,nickname,role,status,create_time,update_time FROM sys_user WHERE (username = ?) LIMIT 1
2026-05-13 13:55:05.096 DEBUG [] [           main] c.d.m.mapper.SysUserMapper.selectList    : ==> Parameters: admin(String)
2026-05-13 13:55:05.177 DEBUG [] [           main] c.d.m.mapper.SysUserMapper.selectList    : <==      Total: 1
2026-05-13 13:55:05.184 DEBUG [] [   scheduling-1] c.d.m.m.G.selectList                     : ==>  Preparing: SELECT id,account_id,original_url,cropped_url,upload_time,ocr_status,ocr_raw_text,ocr_confidence,parsed_amount,manual_amount,error_message,ocr_process_time,create_time FROM game_screenshot_log WHERE (ocr_status = ?) ORDER BY create_time ASC LIMIT 20
2026-05-13 13:55:05.186 DEBUG [] [   scheduling-1] c.d.m.m.G.selectList                     : ==> Parameters: 0(Integer)
2026-05-13 13:55:05.221 DEBUG [] [   scheduling-1] c.d.m.m.G.selectList                     : <==      Total: 0
2026-05-13 14:09:31.443 INFO  [] [           main] c.d.m.DeltaForceManagerApplication       : Starting DeltaForceManagerApplication using Java 17.0.16 with PID 23164 (E:\learning\DeltaForceManager\target\classes started by Administrator in E:\learning\DeltaForceManager)
2026-05-13 14:09:31.444 DEBUG [] [           main] c.d.m.DeltaForceManagerApplication       : Running with Spring Boot v3.5.0, Spring v6.2.7
2026-05-13 14:09:31.445 INFO  [] [           main] c.d.m.DeltaForceManagerApplication       : No active profile set, falling back to 1 default profile: "default"
2026-05-13 14:09:32.323 DEBUG [] [           main] org.apache.ibatis.logging.LogFactory     : Logging initialized using 'class org.apache.ibatis.logging.slf4j.Slf4jImpl' adapter.
2026-05-13 14:09:32.791 INFO  [] [           main] o.s.b.w.embedded.tomcat.TomcatWebServer  : Tomcat initialized with port 8080 (http)
2026-05-13 14:09:32.812 INFO  [] [           main] o.a.coyote.http11.Http11NioProtocol      : Initializing ProtocolHandler ["http-nio-8080"]
2026-05-13 14:09:32.813 INFO  [] [           main] o.apache.catalina.core.StandardService   : Starting service [Tomcat]
2026-05-13 14:09:32.813 INFO  [] [           main] o.apache.catalina.core.StandardEngine    : Starting Servlet engine: [Apache Tomcat/10.1.41]
2026-05-13 14:09:32.875 INFO  [] [           main] o.a.c.c.C.[Tomcat].[localhost].[/]       : Initializing Spring embedded WebApplicationContext
2026-05-13 14:09:32.875 INFO  [] [           main] w.s.c.ServletWebServerApplicationContext : Root WebApplicationContext: initialization completed in 1360 ms
2026-05-13 14:09:32.950 DEBUG [] [           main] c.d.m.config.JwtAuthenticationFilter     : Filter 'jwtAuthenticationFilter' configured for use
2026-05-13 14:09:33.040 DEBUG [] [           main] org.apache.ibatis.logging.LogFactory     : Logging initialized using 'class org.apache.ibatis.logging.slf4j.Slf4jImpl' adapter.
2026-05-13 14:09:33.054 DEBUG [] [           main] c.b.m.e.s.MybatisSqlSessionFactoryBean   : Registered plugin: 'MybatisPlusInterceptor{interceptors=[PaginationInnerInterceptor(logger=org.apache.ibatis.logging.slf4j.Slf4jImpl@2b098563, overflow=false, maxLimit=null, dbType=MYSQL, dialect=null, optimizeJoin=true)]}'
2026-05-13 14:09:33.055 DEBUG [] [           main] c.b.m.e.s.MybatisSqlSessionFactoryBean   : Property 'mapperLocations' was not specified.
2026-05-13 14:09:33.133 DEBUG [] [           main] c.b.mybatisplus.core.toolkit.Sequence    : Get /192.168.151.58 network interface 
2026-05-13 14:09:33.141 DEBUG [] [           main] c.b.mybatisplus.core.toolkit.Sequence    : Get network interface info: name:wlan1 (Realtek RTL8852BE WiFi 6 802.11ax PCIe Adapter)
2026-05-13 14:09:33.146 DEBUG [] [           main] c.b.mybatisplus.core.toolkit.Sequence    : Initialization Sequence datacenterId:13 workerId:12
2026-05-13 14:09:33.709 ERROR [] [           main] c.d.m.s.i.MinioFileStorageServiceImpl    : MinIO bucket 初始化失败
java.net.ConnectException: Failed to connect to localhost/[0:0:0:0:0:0:0:1]:9000
	at okhttp3.internal.connection.RealConnection.connectSocket(RealConnection.kt:297)
	at okhttp3.internal.connection.RealConnection.connect(RealConnection.kt:207)
	at okhttp3.internal.connection.ExchangeFinder.findConnection(ExchangeFinder.kt:226)
	at okhttp3.internal.connection.ExchangeFinder.findHealthyConnection(ExchangeFinder.kt:106)
	at okhttp3.internal.connection.ExchangeFinder.find(ExchangeFinder.kt:74)
	at okhttp3.internal.connection.RealCall.initExchange$okhttp(RealCall.kt:255)
	at okhttp3.internal.connection.ConnectInterceptor.intercept(ConnectInterceptor.kt:32)
	at okhttp3.internal.http.RealInterceptorChain.proceed(RealInterceptorChain.kt:109)
	at okhttp3.internal.cache.CacheInterceptor.intercept(CacheInterceptor.kt:95)
	at okhttp3.internal.http.RealInterceptorChain.proceed(RealInterceptorChain.kt:109)
	at okhttp3.internal.http.BridgeInterceptor.intercept(BridgeInterceptor.kt:83)
	at okhttp3.internal.http.RealInterceptorChain.proceed(RealInterceptorChain.kt:109)
	at okhttp3.internal.http.RetryAndFollowUpInterceptor.intercept(RetryAndFollowUpInterceptor.kt:76)
	at okhttp3.internal.http.RealInterceptorChain.proceed(RealInterceptorChain.kt:109)
	at okhttp3.internal.connection.RealCall.getResponseWithInterceptorChain$okhttp(RealCall.kt:201)
	at okhttp3.internal.connection.RealCall$AsyncCall.run(RealCall.kt:517)
	at java.base/java.util.concurrent.ThreadPoolExecutor.runWorker(ThreadPoolExecutor.java:1136)
	at java.base/java.util.concurrent.ThreadPoolExecutor$Worker.run(ThreadPoolExecutor.java:635)
	at java.base/java.lang.Thread.run(Thread.java:840)
	Suppressed: java.net.ConnectException: Failed to connect to localhost/127.0.0.1:9000
		... 19 common frames omitted
	Caused by: java.net.ConnectException: Connection refused: getsockopt
		at java.base/sun.nio.ch.Net.pollConnect(Native Method)
		at java.base/sun.nio.ch.Net.pollConnectNow(Net.java:672)
		at java.base/sun.nio.ch.NioSocketImpl.timedFinishConnect(NioSocketImpl.java:547)
		at java.base/sun.nio.ch.NioSocketImpl.connect(NioSocketImpl.java:602)
		at java.base/java.net.SocksSocketImpl.connect(SocksSocketImpl.java:327)
		at java.base/java.net.Socket.connect(Socket.java:633)
		at okhttp3.internal.platform.Platform.connectSocket(Platform.kt:128)
		at okhttp3.internal.connection.RealConnection.connectSocket(RealConnection.kt:295)
		... 18 common frames omitted
Caused by: java.net.ConnectException: Connection refused: getsockopt
	at java.base/sun.nio.ch.Net.pollConnect(Native Method)
	at java.base/sun.nio.ch.Net.pollConnectNow(Net.java:672)
	at java.base/sun.nio.ch.NioSocketImpl.timedFinishConnect(NioSocketImpl.java:547)
	at java.base/sun.nio.ch.NioSocketImpl.connect(NioSocketImpl.java:602)
	at java.base/java.net.SocksSocketImpl.connect(SocksSocketImpl.java:327)
	at java.base/java.net.Socket.connect(Socket.java:633)
	at okhttp3.internal.platform.Platform.connectSocket(Platform.kt:128)
	at okhttp3.internal.connection.RealConnection.connectSocket(RealConnection.kt:295)
	... 18 common frames omitted
2026-05-13 14:09:34.036 WARN  [] [           main] .s.s.UserDetailsServiceAutoConfiguration : 

Using generated security password: 324997ad-17d6-429a-885c-074eb28dfd63

This generated password is for development use only. Your security configuration must be updated before running your application in production.

2026-05-13 14:09:34.047 INFO  [] [           main] r$InitializeUserDetailsManagerConfigurer : Global AuthenticationManager configured with UserDetailsService bean with name inMemoryUserDetailsManager
2026-05-13 14:09:34.198 INFO  [] [           main] o.s.v.b.OptionalValidatorFactoryBean     : Failed to set up a Bean Validation provider: jakarta.validation.NoProviderFoundException: Unable to create a Configuration, because no Jakarta Bean Validation provider could be found. Add a provider like Hibernate Validator (RI) to your classpath.
2026-05-13 14:09:34.442 INFO  [] [           main] org.quartz.impl.StdSchedulerFactory      : Using default implementation for ThreadExecutor
2026-05-13 14:09:34.451 INFO  [] [           main] org.quartz.core.SchedulerSignalerImpl    : Initialized Scheduler Signaller of type: class org.quartz.core.SchedulerSignalerImpl
2026-05-13 14:09:34.452 INFO  [] [           main] org.quartz.core.QuartzScheduler          : Quartz Scheduler v2.5.0 created.
2026-05-13 14:09:34.453 INFO  [] [           main] org.quartz.simpl.RAMJobStore             : RAMJobStore initialized.
2026-05-13 14:09:34.453 INFO  [] [           main] org.quartz.core.QuartzScheduler          : Scheduler meta-data: Quartz Scheduler (v2.5.0) 'quartzScheduler' with instanceId 'NON_CLUSTERED'
  Scheduler class: 'org.quartz.core.QuartzScheduler' - running locally.
  NOT STARTED.
  Currently in standby mode.
  Number of jobs executed: 0
  Using thread pool 'org.quartz.simpl.SimpleThreadPool' - with 10 threads.
  Using job-store 'org.quartz.simpl.RAMJobStore' - which does not support persistence. and is not clustered.

2026-05-13 14:09:34.455 INFO  [] [           main] org.quartz.impl.StdSchedulerFactory      : Quartz scheduler 'quartzScheduler' initialized from an externally provided properties instance.
2026-05-13 14:09:34.455 INFO  [] [           main] org.quartz.impl.StdSchedulerFactory      : Quartz scheduler version: 2.5.0
2026-05-13 14:09:34.455 INFO  [] [           main] org.quartz.core.QuartzScheduler          : JobFactory set to: org.springframework.scheduling.quartz.SpringBeanJobFactory@5cf80dfb
2026-05-13 14:09:34.507 INFO  [] [           main] o.a.coyote.http11.Http11NioProtocol      : Starting ProtocolHandler ["http-nio-8080"]
2026-05-13 14:09:34.521 INFO  [] [           main] o.s.b.w.embedded.tomcat.TomcatWebServer  : Tomcat started on port 8080 (http) with context path '/'
2026-05-13 14:09:34.521 INFO  [] [           main] o.s.s.quartz.SchedulerFactoryBean        : Starting Quartz Scheduler now
2026-05-13 14:09:34.521 INFO  [] [           main] org.quartz.core.QuartzScheduler          : Scheduler quartzScheduler_$_NON_CLUSTERED started.
2026-05-13 14:09:34.532 INFO  [] [           main] c.d.m.DeltaForceManagerApplication       : Started DeltaForceManagerApplication in 3.68 seconds (process running for 4.361)
2026-05-13 14:09:34.589 INFO  [] [           main] com.zaxxer.hikari.HikariDataSource       : HikariPool-1 - Starting...
2026-05-13 14:09:35.105 INFO  [] [           main] com.zaxxer.hikari.pool.HikariPool        : HikariPool-1 - Added connection com.mysql.cj.jdbc.ConnectionImpl@7de43652
2026-05-13 14:09:35.106 INFO  [] [           main] com.zaxxer.hikari.HikariDataSource       : HikariPool-1 - Start completed.
2026-05-13 14:09:35.116 DEBUG [] [   scheduling-1] c.d.m.m.G.selectList                     : ==>  Preparing: SELECT id,account_id,original_url,cropped_url,upload_time,ocr_status,ocr_raw_text,ocr_confidence,parsed_amount,manual_amount,error_message,ocr_process_time,create_time FROM game_screenshot_log WHERE (ocr_status = ?) ORDER BY create_time ASC LIMIT 20
2026-05-13 14:09:35.133 DEBUG [] [   scheduling-1] c.d.m.m.G.selectList                     : ==> Parameters: 0(Integer)
2026-05-13 14:09:35.220 DEBUG [] [   scheduling-1] c.d.m.m.G.selectList                     : <==      Total: 0
2026-05-13 14:09:35.231 DEBUG [] [           main] c.d.m.mapper.SysUserMapper.selectList    : ==>  Preparing: SELECT id,username,password,nickname,role,status,create_time,update_time FROM sys_user WHERE (username = ?) LIMIT 1
2026-05-13 14:09:35.232 DEBUG [] [           main] c.d.m.mapper.SysUserMapper.selectList    : ==> Parameters: admin(String)
2026-05-13 14:09:35.298 DEBUG [] [           main] c.d.m.mapper.SysUserMapper.selectList    : <==      Total: 1
2026-05-13 14:09:44.062 INFO  [] [nio-8080-exec-2] o.a.c.c.C.[Tomcat].[localhost].[/]       : Initializing Spring DispatcherServlet 'dispatcherServlet'
2026-05-13 14:09:44.066 INFO  [] [nio-8080-exec-2] o.s.web.servlet.DispatcherServlet        : Initializing Servlet 'dispatcherServlet'
2026-05-13 14:09:44.067 INFO  [] [nio-8080-exec-2] o.s.web.servlet.DispatcherServlet        : Completed initialization in 1 ms
2026-05-13 14:09:44.350 INFO  [a2747d418b51] [nio-8080-exec-2] c.d.m.config.RequestLogInterceptor       : >>> GET /api/report/multiAccountSummary | IP=0:0:0:0:0:0:0:1
2026-05-13 14:09:44.350 INFO  [2252d1e6d5e6] [nio-8080-exec-1] c.d.m.config.RequestLogInterceptor       : >>> GET /api/account/list?pageNo=1&pageSize=100 | IP=0:0:0:0:0:0:0:1
2026-05-13 14:09:44.411 DEBUG [a2747d418b51] [nio-8080-exec-2] c.d.m.m.GameAccountMapper.selectList     : ==>  Preparing: SELECT id FROM game_account WHERE (user_id = ?)
2026-05-13 14:09:44.412 DEBUG [a2747d418b51] [nio-8080-exec-2] c.d.m.m.GameAccountMapper.selectList     : ==> Parameters: 2054403907389030401(Long)
2026-05-13 14:09:44.537 DEBUG [a2747d418b51] [nio-8080-exec-2] c.d.m.m.GameAccountMapper.selectList     : <==      Total: 4
2026-05-13 14:09:44.542 DEBUG [a2747d418b51] [nio-8080-exec-2] c.d.m.m.GameAccountMapper.selectList     : ==>  Preparing: SELECT id,account_name,game_name,device_id,device_token,device_model,status,user_id,remark,create_by,create_time,update_by,update_time FROM game_account WHERE (status = ? AND id IN (?,?,?,?))
2026-05-13 14:09:44.542 DEBUG [a2747d418b51] [nio-8080-exec-2] c.d.m.m.GameAccountMapper.selectList     : ==> Parameters: 1(Integer), 2054437452602015745(Long), 2054439784865726466(Long), 2054439827807010817(Long), 2054443847372046337(Long)
2026-05-13 14:09:44.608 DEBUG [2252d1e6d5e6] [nio-8080-exec-1] c.d.m.m.G.selectList_mpCount             : ==>  Preparing: SELECT COUNT(*) AS total FROM game_account WHERE (user_id = ?)
2026-05-13 14:09:44.608 DEBUG [2252d1e6d5e6] [nio-8080-exec-1] c.d.m.m.G.selectList_mpCount             : ==> Parameters: 2054403907389030401(Long)
2026-05-13 14:09:44.618 DEBUG [a2747d418b51] [nio-8080-exec-2] c.d.m.m.GameAccountMapper.selectList     : <==      Total: 4
2026-05-13 14:09:44.626 DEBUG [a2747d418b51] [nio-8080-exec-2] c.d.m.m.G.selectList                     : ==>  Preparing: SELECT id,account_id,screenshot_log_id,balance,balance_change,record_time,source,create_time FROM game_balance_record WHERE (account_id = ?) ORDER BY record_time DESC LIMIT 1
2026-05-13 14:09:44.626 DEBUG [a2747d418b51] [nio-8080-exec-2] c.d.m.m.G.selectList                     : ==> Parameters: 2054437452602015745(Long)
2026-05-13 14:09:44.880 DEBUG [2252d1e6d5e6] [nio-8080-exec-1] c.d.m.m.G.selectList_mpCount             : <==      Total: 1
2026-05-13 14:09:44.891 DEBUG [2252d1e6d5e6] [nio-8080-exec-1] c.d.m.m.GameAccountMapper.selectList     : ==>  Preparing: SELECT id,account_name,game_name,device_id,device_token,device_model,status,user_id,remark,create_by,create_time,update_by,update_time FROM game_account WHERE (user_id = ?) ORDER BY create_time DESC LIMIT ?
2026-05-13 14:09:44.896 DEBUG [2252d1e6d5e6] [nio-8080-exec-1] c.d.m.m.GameAccountMapper.selectList     : ==> Parameters: 2054403907389030401(Long), 100(Long)
2026-05-13 14:09:44.906 DEBUG [a2747d418b51] [nio-8080-exec-2] c.d.m.m.G.selectList                     : <==      Total: 0
2026-05-13 14:09:44.910 DEBUG [a2747d418b51] [nio-8080-exec-2] c.d.m.m.G.selectList                     : ==>  Preparing: SELECT id,account_id,screenshot_log_id,balance,balance_change,record_time,source,create_time FROM game_balance_record WHERE (account_id = ?) ORDER BY record_time DESC LIMIT 1
2026-05-13 14:09:44.910 DEBUG [a2747d418b51] [nio-8080-exec-2] c.d.m.m.G.selectList                     : ==> Parameters: 2054439784865726466(Long)
2026-05-13 14:09:44.938 DEBUG [2252d1e6d5e6] [nio-8080-exec-1] c.d.m.m.GameAccountMapper.selectList     : <==      Total: 4
2026-05-13 14:09:44.956 DEBUG [a2747d418b51] [nio-8080-exec-2] c.d.m.m.G.selectList                     : <==      Total: 0
2026-05-13 14:09:44.959 DEBUG [a2747d418b51] [nio-8080-exec-2] c.d.m.m.G.selectList                     : ==>  Preparing: SELECT id,account_id,screenshot_log_id,balance,balance_change,record_time,source,create_time FROM game_balance_record WHERE (account_id = ?) ORDER BY record_time DESC LIMIT 1
2026-05-13 14:09:44.959 DEBUG [a2747d418b51] [nio-8080-exec-2] c.d.m.m.G.selectList                     : ==> Parameters: 2054439827807010817(Long)
2026-05-13 14:09:45.061 INFO  [2252d1e6d5e6] [nio-8080-exec-1] c.d.m.config.RequestLogInterceptor       : <<< GET /api/account/list | 200 | 711ms
2026-05-13 14:09:45.163 DEBUG [a2747d418b51] [nio-8080-exec-2] c.d.m.m.G.selectList                     : <==      Total: 0
2026-05-13 14:09:45.167 DEBUG [a2747d418b51] [nio-8080-exec-2] c.d.m.m.G.selectList                     : ==>  Preparing: SELECT id,account_id,screenshot_log_id,balance,balance_change,record_time,source,create_time FROM game_balance_record WHERE (account_id = ?) ORDER BY record_time DESC LIMIT 1
2026-05-13 14:09:45.167 DEBUG [a2747d418b51] [nio-8080-exec-2] c.d.m.m.G.selectList                     : ==> Parameters: 2054443847372046337(Long)
2026-05-13 14:09:45.246 DEBUG [a2747d418b51] [nio-8080-exec-2] c.d.m.m.G.selectList                     : <==      Total: 0
2026-05-13 14:09:45.262 INFO  [a2747d418b51] [nio-8080-exec-2] c.d.m.config.RequestLogInterceptor       : <<< GET /api/report/multiAccountSummary | 200 | 912ms
2026-05-13 14:09:45.289 INFO  [d153eef4087e] [nio-8080-exec-3] c.d.m.config.RequestLogInterceptor       : >>> GET /api/report/dailyTrend?startDate=2026-05-06&endDate=2026-05-13 | IP=0:0:0:0:0:0:0:1
2026-05-13 14:09:45.297 DEBUG [d153eef4087e] [nio-8080-exec-3] c.d.m.m.GameAccountMapper.selectList     : ==>  Preparing: SELECT id FROM game_account WHERE (user_id = ?)
2026-05-13 14:09:45.297 DEBUG [d153eef4087e] [nio-8080-exec-3] c.d.m.m.GameAccountMapper.selectList     : ==> Parameters: 2054403907389030401(Long)
2026-05-13 14:09:45.411 DEBUG [d153eef4087e] [nio-8080-exec-3] c.d.m.m.GameAccountMapper.selectList     : <==      Total: 4
2026-05-13 14:09:45.415 DEBUG [d153eef4087e] [nio-8080-exec-3] c.d.m.m.G.selectList                     : ==>  Preparing: SELECT id,account_id,screenshot_log_id,balance,balance_change,record_time,source,create_time FROM game_balance_record WHERE (record_time >= ? AND record_time <= ? AND account_id = ?) ORDER BY record_time ASC
2026-05-13 14:09:45.415 DEBUG [d153eef4087e] [nio-8080-exec-3] c.d.m.m.G.selectList                     : ==> Parameters: 2026-05-06 00:00:00.0(Timestamp), 2026-05-13 23:59:59.999(Timestamp), 2054437452602015745(Long)
2026-05-13 14:09:45.464 DEBUG [d153eef4087e] [nio-8080-exec-3] c.d.m.m.G.selectList                     : <==      Total: 0
2026-05-13 14:09:45.469 DEBUG [d153eef4087e] [nio-8080-exec-3] c.d.m.m.GameAccountMapper.selectList     : ==>  Preparing: SELECT id,account_name,game_name,device_id,device_token,device_model,status,user_id,remark,create_by,create_time,update_by,update_time FROM game_account
2026-05-13 14:09:45.469 DEBUG [d153eef4087e] [nio-8080-exec-3] c.d.m.m.GameAccountMapper.selectList     : ==> Parameters: 
2026-05-13 14:09:45.564 DEBUG [d153eef4087e] [nio-8080-exec-3] c.d.m.m.GameAccountMapper.selectList     : <==      Total: 4
2026-05-13 14:09:45.571 DEBUG [d153eef4087e] [nio-8080-exec-3] c.d.m.m.G.selectList                     : ==>  Preparing: SELECT id,account_id,screenshot_log_id,balance,balance_change,record_time,source,create_time FROM game_balance_record WHERE (record_time >= ? AND record_time <= ? AND account_id = ?) ORDER BY record_time ASC
2026-05-13 14:09:45.571 DEBUG [d153eef4087e] [nio-8080-exec-3] c.d.m.m.G.selectList                     : ==> Parameters: 2026-05-06 00:00:00.0(Timestamp), 2026-05-13 23:59:59.999(Timestamp), 2054439784865726466(Long)
2026-05-13 14:09:45.682 DEBUG [d153eef4087e] [nio-8080-exec-3] c.d.m.m.G.selectList                     : <==      Total: 0
2026-05-13 14:09:45.687 DEBUG [d153eef4087e] [nio-8080-exec-3] c.d.m.m.GameAccountMapper.selectList     : ==>  Preparing: SELECT id,account_name,game_name,device_id,device_token,device_model,status,user_id,remark,create_by,create_time,update_by,update_time FROM game_account
2026-05-13 14:09:45.689 DEBUG [d153eef4087e] [nio-8080-exec-3] c.d.m.m.GameAccountMapper.selectList     : ==> Parameters: 
2026-05-13 14:09:45.817 DEBUG [d153eef4087e] [nio-8080-exec-3] c.d.m.m.GameAccountMapper.selectList     : <==      Total: 4
2026-05-13 14:09:45.821 DEBUG [d153eef4087e] [nio-8080-exec-3] c.d.m.m.G.selectList                     : ==>  Preparing: SELECT id,account_id,screenshot_log_id,balance,balance_change,record_time,source,create_time FROM game_balance_record WHERE (record_time >= ? AND record_time <= ? AND account_id = ?) ORDER BY record_time ASC
2026-05-13 14:09:45.825 DEBUG [d153eef4087e] [nio-8080-exec-3] c.d.m.m.G.selectList                     : ==> Parameters: 2026-05-06 00:00:00.0(Timestamp), 2026-05-13 23:59:59.999(Timestamp), 2054439827807010817(Long)
2026-05-13 14:09:45.876 DEBUG [d153eef4087e] [nio-8080-exec-3] c.d.m.m.G.selectList                     : <==      Total: 0
2026-05-13 14:09:45.881 DEBUG [d153eef4087e] [nio-8080-exec-3] c.d.m.m.GameAccountMapper.selectList     : ==>  Preparing: SELECT id,account_name,game_name,device_id,device_token,device_model,status,user_id,remark,create_by,create_time,update_by,update_time FROM game_account
2026-05-13 14:09:45.882 DEBUG [d153eef4087e] [nio-8080-exec-3] c.d.m.m.GameAccountMapper.selectList     : ==> Parameters: 
2026-05-13 14:09:45.918 DEBUG [d153eef4087e] [nio-8080-exec-3] c.d.m.m.GameAccountMapper.selectList     : <==      Total: 4
2026-05-13 14:09:45.928 DEBUG [d153eef4087e] [nio-8080-exec-3] c.d.m.m.G.selectList                     : ==>  Preparing: SELECT id,account_id,screenshot_log_id,balance,balance_change,record_time,source,create_time FROM game_balance_record WHERE (record_time >= ? AND record_time <= ? AND account_id = ?) ORDER BY record_time ASC
2026-05-13 14:09:45.928 DEBUG [d153eef4087e] [nio-8080-exec-3] c.d.m.m.G.selectList                     : ==> Parameters: 2026-05-06 00:00:00.0(Timestamp), 2026-05-13 23:59:59.999(Timestamp), 2054443847372046337(Long)
2026-05-13 14:09:45.970 DEBUG [d153eef4087e] [nio-8080-exec-3] c.d.m.m.G.selectList                     : <==      Total: 0
2026-05-13 14:09:45.971 DEBUG [d153eef4087e] [nio-8080-exec-3] c.d.m.m.GameAccountMapper.selectList     : ==>  Preparing: SELECT id,account_name,game_name,device_id,device_token,device_model,status,user_id,remark,create_by,create_time,update_by,update_time FROM game_account
2026-05-13 14:09:45.972 DEBUG [d153eef4087e] [nio-8080-exec-3] c.d.m.m.GameAccountMapper.selectList     : ==> Parameters: 
2026-05-13 14:09:46.013 DEBUG [d153eef4087e] [nio-8080-exec-3] c.d.m.m.GameAccountMapper.selectList     : <==      Total: 4
2026-05-13 14:09:46.018 INFO  [d153eef4087e] [nio-8080-exec-3] c.d.m.config.RequestLogInterceptor       : <<< GET /api/report/dailyTrend | 200 | 729ms
2026-05-13 14:10:52.363 INFO  [80ec03f3d5d5] [nio-8080-exec-4] c.d.m.config.RequestLogInterceptor       : >>> GET /api/balance/list?pageNo=1&pageSize=10 | IP=0:0:0:0:0:0:0:1
2026-05-13 14:10:52.363 INFO  [aff6d2e57d83] [nio-8080-exec-5] c.d.m.config.RequestLogInterceptor       : >>> GET /api/account/list?pageNo=1&pageSize=100 | IP=0:0:0:0:0:0:0:1
2026-05-13 14:10:52.399 DEBUG [80ec03f3d5d5] [nio-8080-exec-4] c.d.m.m.GameAccountMapper.selectList     : ==>  Preparing: SELECT id FROM game_account WHERE (user_id = ?)
2026-05-13 14:10:52.399 DEBUG [80ec03f3d5d5] [nio-8080-exec-4] c.d.m.m.GameAccountMapper.selectList     : ==> Parameters: 2054403907389030401(Long)
2026-05-13 14:10:52.425 DEBUG [aff6d2e57d83] [nio-8080-exec-5] c.d.m.m.G.selectList_mpCount             : ==>  Preparing: SELECT COUNT(*) AS total FROM game_account WHERE (user_id = ?)
2026-05-13 14:10:52.426 DEBUG [aff6d2e57d83] [nio-8080-exec-5] c.d.m.m.G.selectList_mpCount             : ==> Parameters: 2054403907389030401(Long)
2026-05-13 14:10:52.429 DEBUG [80ec03f3d5d5] [nio-8080-exec-4] c.d.m.m.GameAccountMapper.selectList     : <==      Total: 4
2026-05-13 14:10:52.456 DEBUG [80ec03f3d5d5] [nio-8080-exec-4] c.d.m.m.G.selectList_mpCount             : ==>  Preparing: SELECT COUNT(*) AS total FROM game_balance_record WHERE (account_id IN (?, ?, ?, ?))
2026-05-13 14:10:52.458 DEBUG [80ec03f3d5d5] [nio-8080-exec-4] c.d.m.m.G.selectList_mpCount             : ==> Parameters: 2054437452602015745(Long), 2054439784865726466(Long), 2054439827807010817(Long), 2054443847372046337(Long)
2026-05-13 14:10:52.460 DEBUG [aff6d2e57d83] [nio-8080-exec-5] c.d.m.m.G.selectList_mpCount             : <==      Total: 1
2026-05-13 14:10:52.462 DEBUG [aff6d2e57d83] [nio-8080-exec-5] c.d.m.m.GameAccountMapper.selectList     : ==>  Preparing: SELECT id,account_name,game_name,device_id,device_token,device_model,status,user_id,remark,create_by,create_time,update_by,update_time FROM game_account WHERE (user_id = ?) ORDER BY create_time DESC LIMIT ?
2026-05-13 14:10:52.462 DEBUG [aff6d2e57d83] [nio-8080-exec-5] c.d.m.m.GameAccountMapper.selectList     : ==> Parameters: 2054403907389030401(Long), 100(Long)
2026-05-13 14:10:52.490 DEBUG [80ec03f3d5d5] [nio-8080-exec-4] c.d.m.m.G.selectList_mpCount             : <==      Total: 1
2026-05-13 14:10:52.519 DEBUG [aff6d2e57d83] [nio-8080-exec-5] c.d.m.m.GameAccountMapper.selectList     : <==      Total: 4
2026-05-13 14:10:52.524 INFO  [80ec03f3d5d5] [nio-8080-exec-4] c.d.m.config.RequestLogInterceptor       : <<< GET /api/balance/list | 200 | 161ms
2026-05-13 14:10:52.530 INFO  [aff6d2e57d83] [nio-8080-exec-5] c.d.m.config.RequestLogInterceptor       : <<< GET /api/account/list | 200 | 167ms
2026-05-13 14:10:52.552 INFO  [be0c2658b445] [io-8080-exec-10] c.d.m.config.RequestLogInterceptor       : >>> GET /api/balance/list?pageNo=1&pageSize=10 | IP=0:0:0:0:0:0:0:1
2026-05-13 14:10:52.556 DEBUG [be0c2658b445] [io-8080-exec-10] c.d.m.m.GameAccountMapper.selectList     : ==>  Preparing: SELECT id FROM game_account WHERE (user_id = ?)
2026-05-13 14:10:52.557 DEBUG [be0c2658b445] [io-8080-exec-10] c.d.m.m.GameAccountMapper.selectList     : ==> Parameters: 2054403907389030401(Long)
2026-05-13 14:10:52.588 DEBUG [be0c2658b445] [io-8080-exec-10] c.d.m.m.GameAccountMapper.selectList     : <==      Total: 4
2026-05-13 14:10:52.613 DEBUG [be0c2658b445] [io-8080-exec-10] c.d.m.m.G.selectList_mpCount             : ==>  Preparing: SELECT COUNT(*) AS total FROM game_balance_record WHERE (account_id IN (?, ?, ?, ?))
2026-05-13 14:10:52.616 DEBUG [be0c2658b445] [io-8080-exec-10] c.d.m.m.G.selectList_mpCount             : ==> Parameters: 2054437452602015745(Long), 2054439784865726466(Long), 2054439827807010817(Long), 2054443847372046337(Long)
2026-05-13 14:10:52.668 DEBUG [be0c2658b445] [io-8080-exec-10] c.d.m.m.G.selectList_mpCount             : <==      Total: 1
2026-05-13 14:10:52.675 INFO  [be0c2658b445] [io-8080-exec-10] c.d.m.config.RequestLogInterceptor       : <<< GET /api/balance/list | 200 | 123ms
2026-05-13 14:10:54.272 INFO  [bf96b4736132] [nio-8080-exec-8] c.d.m.config.RequestLogInterceptor       : >>> GET /api/screenshot/pendingReview | IP=0:0:0:0:0:0:0:1
2026-05-13 14:10:54.278 INFO  [dcc64a76890e] [nio-8080-exec-7] c.d.m.config.RequestLogInterceptor       : >>> GET /api/screenshot/list?pageNo=1&pageSize=10 | IP=0:0:0:0:0:0:0:1
2026-05-13 14:10:54.278 INFO  [590fad81460c] [nio-8080-exec-9] c.d.m.config.RequestLogInterceptor       : >>> GET /api/account/list?pageNo=1&pageSize=100 | IP=0:0:0:0:0:0:0:1
2026-05-13 14:10:54.310 DEBUG [bf96b4736132] [nio-8080-exec-8] c.d.m.m.G.selectList                     : ==>  Preparing: SELECT id,account_id,original_url,cropped_url,upload_time,ocr_status,ocr_raw_text,ocr_confidence,parsed_amount,manual_amount,error_message,ocr_process_time,create_time FROM game_screenshot_log WHERE (ocr_status = ?) ORDER BY create_time ASC
2026-05-13 14:10:54.310 DEBUG [bf96b4736132] [nio-8080-exec-8] c.d.m.m.G.selectList                     : ==> Parameters: 3(Integer)
2026-05-13 14:10:54.310 DEBUG [dcc64a76890e] [nio-8080-exec-7] c.d.m.m.GameAccountMapper.selectList     : ==>  Preparing: SELECT id FROM game_account WHERE (user_id = ?)
2026-05-13 14:10:54.310 DEBUG [dcc64a76890e] [nio-8080-exec-7] c.d.m.m.GameAccountMapper.selectList     : ==> Parameters: 2054403907389030401(Long)
2026-05-13 14:10:54.326 DEBUG [590fad81460c] [nio-8080-exec-9] c.d.m.m.G.selectList_mpCount             : ==>  Preparing: SELECT COUNT(*) AS total FROM game_account WHERE (user_id = ?)
2026-05-13 14:10:54.326 DEBUG [590fad81460c] [nio-8080-exec-9] c.d.m.m.G.selectList_mpCount             : ==> Parameters: 2054403907389030401(Long)
2026-05-13 14:10:54.345 DEBUG [bf96b4736132] [nio-8080-exec-8] c.d.m.m.G.selectList                     : <==      Total: 0
2026-05-13 14:10:54.346 DEBUG [dcc64a76890e] [nio-8080-exec-7] c.d.m.m.GameAccountMapper.selectList     : <==      Total: 4
2026-05-13 14:10:54.348 DEBUG [bf96b4736132] [nio-8080-exec-8] c.d.m.m.GameAccountMapper.selectList     : ==>  Preparing: SELECT id FROM game_account WHERE (user_id = ?)
2026-05-13 14:10:54.350 DEBUG [bf96b4736132] [nio-8080-exec-8] c.d.m.m.GameAccountMapper.selectList     : ==> Parameters: 2054403907389030401(Long)
2026-05-13 14:10:54.362 DEBUG [590fad81460c] [nio-8080-exec-9] c.d.m.m.G.selectList_mpCount             : <==      Total: 1
2026-05-13 14:10:54.363 DEBUG [590fad81460c] [nio-8080-exec-9] c.d.m.m.GameAccountMapper.selectList     : ==>  Preparing: SELECT id,account_name,game_name,device_id,device_token,device_model,status,user_id,remark,create_by,create_time,update_by,update_time FROM game_account WHERE (user_id = ?) ORDER BY create_time DESC LIMIT ?
2026-05-13 14:10:54.365 DEBUG [590fad81460c] [nio-8080-exec-9] c.d.m.m.GameAccountMapper.selectList     : ==> Parameters: 2054403907389030401(Long), 100(Long)
2026-05-13 14:10:54.381 DEBUG [bf96b4736132] [nio-8080-exec-8] c.d.m.m.GameAccountMapper.selectList     : <==      Total: 4
2026-05-13 14:10:54.386 INFO  [bf96b4736132] [nio-8080-exec-8] c.d.m.config.RequestLogInterceptor       : <<< GET /api/screenshot/pendingReview | 200 | 114ms
2026-05-13 14:10:54.396 DEBUG [dcc64a76890e] [nio-8080-exec-7] c.d.m.m.G.selectList_mpCount             : ==>  Preparing: SELECT COUNT(*) AS total FROM game_screenshot_log WHERE (account_id IN (?, ?, ?, ?))
2026-05-13 14:10:54.397 DEBUG [dcc64a76890e] [nio-8080-exec-7] c.d.m.m.G.selectList_mpCount             : ==> Parameters: 2054437452602015745(Long), 2054439784865726466(Long), 2054439827807010817(Long), 2054443847372046337(Long)
2026-05-13 14:10:54.400 DEBUG [590fad81460c] [nio-8080-exec-9] c.d.m.m.GameAccountMapper.selectList     : <==      Total: 4
2026-05-13 14:10:54.404 INFO  [590fad81460c] [nio-8080-exec-9] c.d.m.config.RequestLogInterceptor       : <<< GET /api/account/list | 200 | 126ms
2026-05-13 14:10:54.427 DEBUG [dcc64a76890e] [nio-8080-exec-7] c.d.m.m.G.selectList_mpCount             : <==      Total: 1
2026-05-13 14:10:54.427 INFO  [dcc64a76890e] [nio-8080-exec-7] c.d.m.config.RequestLogInterceptor       : <<< GET /api/screenshot/list | 200 | 149ms
2026-05-13 14:10:54.448 INFO  [9bdf4c44bc5b] [nio-8080-exec-6] c.d.m.config.RequestLogInterceptor       : >>> GET /api/screenshot/list?pageNo=1&pageSize=10 | IP=0:0:0:0:0:0:0:1
2026-05-13 14:10:54.448 DEBUG [9bdf4c44bc5b] [nio-8080-exec-6] c.d.m.m.GameAccountMapper.selectList     : ==>  Preparing: SELECT id FROM game_account WHERE (user_id = ?)
2026-05-13 14:10:54.448 DEBUG [9bdf4c44bc5b] [nio-8080-exec-6] c.d.m.m.GameAccountMapper.selectList     : ==> Parameters: 2054403907389030401(Long)
2026-05-13 14:10:54.482 DEBUG [9bdf4c44bc5b] [nio-8080-exec-6] c.d.m.m.GameAccountMapper.selectList     : <==      Total: 4
2026-05-13 14:10:54.520 DEBUG [9bdf4c44bc5b] [nio-8080-exec-6] c.d.m.m.G.selectList_mpCount             : ==>  Preparing: SELECT COUNT(*) AS total FROM game_screenshot_log WHERE (account_id IN (?, ?, ?, ?))
2026-05-13 14:10:54.520 DEBUG [9bdf4c44bc5b] [nio-8080-exec-6] c.d.m.m.G.selectList_mpCount             : ==> Parameters: 2054437452602015745(Long), 2054439784865726466(Long), 2054439827807010817(Long), 2054443847372046337(Long)
2026-05-13 14:10:54.553 DEBUG [9bdf4c44bc5b] [nio-8080-exec-6] c.d.m.m.G.selectList_mpCount             : <==      Total: 1
2026-05-13 14:10:54.556 INFO  [9bdf4c44bc5b] [nio-8080-exec-6] c.d.m.config.RequestLogInterceptor       : <<< GET /api/screenshot/list | 200 | 108ms
2026-05-13 14:10:54.988 INFO  [5da956715d51] [nio-8080-exec-1] c.d.m.config.RequestLogInterceptor       : >>> GET /api/account/list?pageNo=1&pageSize=100 | IP=0:0:0:0:0:0:0:1
2026-05-13 14:10:55.036 DEBUG [5da956715d51] [nio-8080-exec-1] c.d.m.m.G.selectList_mpCount             : ==>  Preparing: SELECT COUNT(*) AS total FROM game_account WHERE (user_id = ?)
2026-05-13 14:10:55.036 DEBUG [5da956715d51] [nio-8080-exec-1] c.d.m.m.G.selectList_mpCount             : ==> Parameters: 2054403907389030401(Long)
2026-05-13 14:10:55.069 DEBUG [5da956715d51] [nio-8080-exec-1] c.d.m.m.G.selectList_mpCount             : <==      Total: 1
2026-05-13 14:10:55.069 DEBUG [5da956715d51] [nio-8080-exec-1] c.d.m.m.GameAccountMapper.selectList     : ==>  Preparing: SELECT id,account_name,game_name,device_id,device_token,device_model,status,user_id,remark,create_by,create_time,update_by,update_time FROM game_account WHERE (user_id = ?) ORDER BY create_time DESC LIMIT ?
2026-05-13 14:10:55.069 DEBUG [5da956715d51] [nio-8080-exec-1] c.d.m.m.GameAccountMapper.selectList     : ==> Parameters: 2054403907389030401(Long), 100(Long)
2026-05-13 14:10:55.104 DEBUG [5da956715d51] [nio-8080-exec-1] c.d.m.m.GameAccountMapper.selectList     : <==      Total: 4
2026-05-13 14:10:55.110 INFO  [5da956715d51] [nio-8080-exec-1] c.d.m.config.RequestLogInterceptor       : <<< GET /api/account/list | 200 | 122ms
2026-05-13 14:10:55.127 INFO  [a8ff0167b55e] [nio-8080-exec-2] c.d.m.config.RequestLogInterceptor       : >>> GET /api/report/dailyTrend?startDate=2026-05-06&endDate=2026-05-13 | IP=0:0:0:0:0:0:0:1
2026-05-13 14:10:55.164 DEBUG [a8ff0167b55e] [nio-8080-exec-2] c.d.m.m.GameAccountMapper.selectList     : ==>  Preparing: SELECT id FROM game_account WHERE (user_id = ?)
2026-05-13 14:10:55.164 DEBUG [a8ff0167b55e] [nio-8080-exec-2] c.d.m.m.GameAccountMapper.selectList     : ==> Parameters: 2054403907389030401(Long)
2026-05-13 14:10:55.198 DEBUG [a8ff0167b55e] [nio-8080-exec-2] c.d.m.m.GameAccountMapper.selectList     : <==      Total: 4
2026-05-13 14:10:55.200 DEBUG [a8ff0167b55e] [nio-8080-exec-2] c.d.m.m.G.selectList                     : ==>  Preparing: SELECT id,account_id,screenshot_log_id,balance,balance_change,record_time,source,create_time FROM game_balance_record WHERE (record_time >= ? AND record_time <= ? AND account_id = ?) ORDER BY record_time ASC
2026-05-13 14:10:55.200 DEBUG [a8ff0167b55e] [nio-8080-exec-2] c.d.m.m.G.selectList                     : ==> Parameters: 2026-05-06 00:00:00.0(Timestamp), 2026-05-13 23:59:59.999(Timestamp), 2054437452602015745(Long)
2026-05-13 14:10:55.232 DEBUG [a8ff0167b55e] [nio-8080-exec-2] c.d.m.m.G.selectList                     : <==      Total: 0
2026-05-13 14:10:55.232 DEBUG [a8ff0167b55e] [nio-8080-exec-2] c.d.m.m.GameAccountMapper.selectList     : ==>  Preparing: SELECT id,account_name,game_name,device_id,device_token,device_model,status,user_id,remark,create_by,create_time,update_by,update_time FROM game_account
2026-05-13 14:10:55.232 DEBUG [a8ff0167b55e] [nio-8080-exec-2] c.d.m.m.GameAccountMapper.selectList     : ==> Parameters: 
2026-05-13 14:10:55.266 DEBUG [a8ff0167b55e] [nio-8080-exec-2] c.d.m.m.GameAccountMapper.selectList     : <==      Total: 4
2026-05-13 14:10:55.271 DEBUG [a8ff0167b55e] [nio-8080-exec-2] c.d.m.m.G.selectList                     : ==>  Preparing: SELECT id,account_id,screenshot_log_id,balance,balance_change,record_time,source,create_time FROM game_balance_record WHERE (record_time >= ? AND record_time <= ? AND account_id = ?) ORDER BY record_time ASC
2026-05-13 14:10:55.271 DEBUG [a8ff0167b55e] [nio-8080-exec-2] c.d.m.m.G.selectList                     : ==> Parameters: 2026-05-06 00:00:00.0(Timestamp), 2026-05-13 23:59:59.999(Timestamp), 2054439784865726466(Long)
2026-05-13 14:10:55.312 DEBUG [a8ff0167b55e] [nio-8080-exec-2] c.d.m.m.G.selectList                     : <==      Total: 0
2026-05-13 14:10:55.316 DEBUG [a8ff0167b55e] [nio-8080-exec-2] c.d.m.m.GameAccountMapper.selectList     : ==>  Preparing: SELECT id,account_name,game_name,device_id,device_token,device_model,status,user_id,remark,create_by,create_time,update_by,update_time FROM game_account
2026-05-13 14:10:55.316 DEBUG [a8ff0167b55e] [nio-8080-exec-2] c.d.m.m.GameAccountMapper.selectList     : ==> Parameters: 
2026-05-13 14:10:55.351 DEBUG [a8ff0167b55e] [nio-8080-exec-2] c.d.m.m.GameAccountMapper.selectList     : <==      Total: 4
2026-05-13 14:10:55.351 DEBUG [a8ff0167b55e] [nio-8080-exec-2] c.d.m.m.G.selectList                     : ==>  Preparing: SELECT id,account_id,screenshot_log_id,balance,balance_change,record_time,source,create_time FROM game_balance_record WHERE (record_time >= ? AND record_time <= ? AND account_id = ?) ORDER BY record_time ASC
2026-05-13 14:10:55.351 DEBUG [a8ff0167b55e] [nio-8080-exec-2] c.d.m.m.G.selectList                     : ==> Parameters: 2026-05-06 00:00:00.0(Timestamp), 2026-05-13 23:59:59.999(Timestamp), 2054439827807010817(Long)
2026-05-13 14:10:55.385 DEBUG [a8ff0167b55e] [nio-8080-exec-2] c.d.m.m.G.selectList                     : <==      Total: 0
2026-05-13 14:10:55.385 DEBUG [a8ff0167b55e] [nio-8080-exec-2] c.d.m.m.GameAccountMapper.selectList     : ==>  Preparing: SELECT id,account_name,game_name,device_id,device_token,device_model,status,user_id,remark,create_by,create_time,update_by,update_time FROM game_account
2026-05-13 14:10:55.385 DEBUG [a8ff0167b55e] [nio-8080-exec-2] c.d.m.m.GameAccountMapper.selectList     : ==> Parameters: 
2026-05-13 14:10:55.417 DEBUG [a8ff0167b55e] [nio-8080-exec-2] c.d.m.m.GameAccountMapper.selectList     : <==      Total: 4
2026-05-13 14:10:55.417 DEBUG [a8ff0167b55e] [nio-8080-exec-2] c.d.m.m.G.selectList                     : ==>  Preparing: SELECT id,account_id,screenshot_log_id,balance,balance_change,record_time,source,create_time FROM game_balance_record WHERE (record_time >= ? AND record_time <= ? AND account_id = ?) ORDER BY record_time ASC
2026-05-13 14:10:55.423 DEBUG [a8ff0167b55e] [nio-8080-exec-2] c.d.m.m.G.selectList                     : ==> Parameters: 2026-05-06 00:00:00.0(Timestamp), 2026-05-13 23:59:59.999(Timestamp), 2054443847372046337(Long)
2026-05-13 14:10:55.455 DEBUG [a8ff0167b55e] [nio-8080-exec-2] c.d.m.m.G.selectList                     : <==      Total: 0
2026-05-13 14:10:55.460 DEBUG [a8ff0167b55e] [nio-8080-exec-2] c.d.m.m.GameAccountMapper.selectList     : ==>  Preparing: SELECT id,account_name,game_name,device_id,device_token,device_model,status,user_id,remark,create_by,create_time,update_by,update_time FROM game_account
2026-05-13 14:10:55.462 DEBUG [a8ff0167b55e] [nio-8080-exec-2] c.d.m.m.GameAccountMapper.selectList     : ==> Parameters: 
2026-05-13 14:10:55.496 DEBUG [a8ff0167b55e] [nio-8080-exec-2] c.d.m.m.GameAccountMapper.selectList     : <==      Total: 4
2026-05-13 14:10:55.496 INFO  [a8ff0167b55e] [nio-8080-exec-2] c.d.m.config.RequestLogInterceptor       : <<< GET /api/report/dailyTrend | 200 | 369ms
2026-05-13 14:11:17.322 INFO  [70de1f74a26b] [nio-8080-exec-3] c.d.m.config.RequestLogInterceptor       : >>> GET /api/report/accountTrend?accountId=2054439827807010817&days=30 | IP=0:0:0:0:0:0:0:1
2026-05-13 14:11:17.356 DEBUG [70de1f74a26b] [nio-8080-exec-3] c.d.m.m.GameAccountMapper.selectList     : ==>  Preparing: SELECT id FROM game_account WHERE (user_id = ?)
2026-05-13 14:11:17.356 DEBUG [70de1f74a26b] [nio-8080-exec-3] c.d.m.m.GameAccountMapper.selectList     : ==> Parameters: 2054403907389030401(Long)
2026-05-13 14:11:17.406 DEBUG [70de1f74a26b] [nio-8080-exec-3] c.d.m.m.GameAccountMapper.selectList     : <==      Total: 4
2026-05-13 14:11:17.411 DEBUG [70de1f74a26b] [nio-8080-exec-3] c.d.m.m.GameAccountMapper.selectById     : ==>  Preparing: SELECT id,account_name,game_name,device_id,device_token,device_model,status,user_id,remark,create_by,create_time,update_by,update_time FROM game_account WHERE id=?
2026-05-13 14:11:17.411 DEBUG [70de1f74a26b] [nio-8080-exec-3] c.d.m.m.GameAccountMapper.selectById     : ==> Parameters: 2054439827807010817(Long)
2026-05-13 14:11:17.441 DEBUG [70de1f74a26b] [nio-8080-exec-3] c.d.m.m.GameAccountMapper.selectById     : <==      Total: 1
2026-05-13 14:11:17.443 DEBUG [70de1f74a26b] [nio-8080-exec-3] c.d.m.m.G.selectList                     : ==>  Preparing: SELECT id,account_id,screenshot_log_id,balance,balance_change,record_time,source,create_time FROM game_balance_record WHERE (account_id = ? AND record_time >= ?) ORDER BY record_time ASC
2026-05-13 14:11:17.443 DEBUG [70de1f74a26b] [nio-8080-exec-3] c.d.m.m.G.selectList                     : ==> Parameters: 2054439827807010817(Long), 2026-04-13 00:00:00.0(Timestamp)
2026-05-13 14:11:17.514 DEBUG [70de1f74a26b] [nio-8080-exec-3] c.d.m.m.G.selectList                     : <==      Total: 0
2026-05-13 14:11:17.515 INFO  [70de1f74a26b] [nio-8080-exec-3] c.d.m.config.RequestLogInterceptor       : <<< GET /api/report/accountTrend | 200 | 193ms
2026-05-13 14:11:25.879 INFO  [1b20023c5c61] [nio-8080-exec-4] c.d.m.config.RequestLogInterceptor       : >>> GET /api/report/multiAccountSummary | IP=0:0:0:0:0:0:0:1
2026-05-13 14:11:25.879 INFO  [04fbc152bc99] [nio-8080-exec-5] c.d.m.config.RequestLogInterceptor       : >>> GET /api/account/list?pageNo=1&pageSize=100 | IP=0:0:0:0:0:0:0:1
2026-05-13 14:11:25.936 DEBUG [1b20023c5c61] [nio-8080-exec-4] c.d.m.m.GameAccountMapper.selectList     : ==>  Preparing: SELECT id FROM game_account WHERE (user_id = ?)
2026-05-13 14:11:25.936 DEBUG [04fbc152bc99] [nio-8080-exec-5] c.d.m.m.G.selectList_mpCount             : ==>  Preparing: SELECT COUNT(*) AS total FROM game_account WHERE (user_id = ?)
2026-05-13 14:11:25.936 DEBUG [1b20023c5c61] [nio-8080-exec-4] c.d.m.m.GameAccountMapper.selectList     : ==> Parameters: 2054403907389030401(Long)
2026-05-13 14:11:25.936 DEBUG [04fbc152bc99] [nio-8080-exec-5] c.d.m.m.G.selectList_mpCount             : ==> Parameters: 2054403907389030401(Long)
2026-05-13 14:11:25.970 DEBUG [04fbc152bc99] [nio-8080-exec-5] c.d.m.m.G.selectList_mpCount             : <==      Total: 1
2026-05-13 14:11:25.970 DEBUG [1b20023c5c61] [nio-8080-exec-4] c.d.m.m.GameAccountMapper.selectList     : <==      Total: 4
2026-05-13 14:11:25.970 DEBUG [04fbc152bc99] [nio-8080-exec-5] c.d.m.m.GameAccountMapper.selectList     : ==>  Preparing: SELECT id,account_name,game_name,device_id,device_token,device_model,status,user_id,remark,create_by,create_time,update_by,update_time FROM game_account WHERE (user_id = ?) ORDER BY create_time DESC LIMIT ?
2026-05-13 14:11:25.970 DEBUG [04fbc152bc99] [nio-8080-exec-5] c.d.m.m.GameAccountMapper.selectList     : ==> Parameters: 2054403907389030401(Long), 100(Long)
2026-05-13 14:11:25.970 DEBUG [1b20023c5c61] [nio-8080-exec-4] c.d.m.m.GameAccountMapper.selectList     : ==>  Preparing: SELECT id,account_name,game_name,device_id,device_token,device_model,status,user_id,remark,create_by,create_time,update_by,update_time FROM game_account WHERE (status = ? AND id IN (?,?,?,?))
2026-05-13 14:11:25.970 DEBUG [1b20023c5c61] [nio-8080-exec-4] c.d.m.m.GameAccountMapper.selectList     : ==> Parameters: 1(Integer), 2054437452602015745(Long), 2054439784865726466(Long), 2054439827807010817(Long), 2054443847372046337(Long)
2026-05-13 14:11:26.008 DEBUG [04fbc152bc99] [nio-8080-exec-5] c.d.m.m.GameAccountMapper.selectList     : <==      Total: 4
2026-05-13 14:11:26.008 DEBUG [1b20023c5c61] [nio-8080-exec-4] c.d.m.m.GameAccountMapper.selectList     : <==      Total: 4
2026-05-13 14:11:26.008 DEBUG [1b20023c5c61] [nio-8080-exec-4] c.d.m.m.G.selectList                     : ==>  Preparing: SELECT id,account_id,screenshot_log_id,balance,balance_change,record_time,source,create_time FROM game_balance_record WHERE (account_id = ?) ORDER BY record_time DESC LIMIT 1
2026-05-13 14:11:26.008 DEBUG [1b20023c5c61] [nio-8080-exec-4] c.d.m.m.G.selectList                     : ==> Parameters: 2054437452602015745(Long)
2026-05-13 14:11:26.008 INFO  [04fbc152bc99] [nio-8080-exec-5] c.d.m.config.RequestLogInterceptor       : <<< GET /api/account/list | 200 | 129ms
2026-05-13 14:11:26.041 DEBUG [1b20023c5c61] [nio-8080-exec-4] c.d.m.m.G.selectList                     : <==      Total: 0
2026-05-13 14:11:26.041 DEBUG [1b20023c5c61] [nio-8080-exec-4] c.d.m.m.G.selectList                     : ==>  Preparing: SELECT id,account_id,screenshot_log_id,balance,balance_change,record_time,source,create_time FROM game_balance_record WHERE (account_id = ?) ORDER BY record_time DESC LIMIT 1
2026-05-13 14:11:26.041 DEBUG [1b20023c5c61] [nio-8080-exec-4] c.d.m.m.G.selectList                     : ==> Parameters: 2054439784865726466(Long)
2026-05-13 14:11:26.085 DEBUG [1b20023c5c61] [nio-8080-exec-4] c.d.m.m.G.selectList                     : <==      Total: 0
2026-05-13 14:11:26.085 DEBUG [1b20023c5c61] [nio-8080-exec-4] c.d.m.m.G.selectList                     : ==>  Preparing: SELECT id,account_id,screenshot_log_id,balance,balance_change,record_time,source,create_time FROM game_balance_record WHERE (account_id = ?) ORDER BY record_time DESC LIMIT 1
2026-05-13 14:11:26.085 DEBUG [1b20023c5c61] [nio-8080-exec-4] c.d.m.m.G.selectList                     : ==> Parameters: 2054439827807010817(Long)
2026-05-13 14:11:26.119 DEBUG [1b20023c5c61] [nio-8080-exec-4] c.d.m.m.G.selectList                     : <==      Total: 0
2026-05-13 14:11:26.119 DEBUG [1b20023c5c61] [nio-8080-exec-4] c.d.m.m.G.selectList                     : ==>  Preparing: SELECT id,account_id,screenshot_log_id,balance,balance_change,record_time,source,create_time FROM game_balance_record WHERE (account_id = ?) ORDER BY record_time DESC LIMIT 1
2026-05-13 14:11:26.124 DEBUG [1b20023c5c61] [nio-8080-exec-4] c.d.m.m.G.selectList                     : ==> Parameters: 2054443847372046337(Long)
2026-05-13 14:11:26.166 DEBUG [1b20023c5c61] [nio-8080-exec-4] c.d.m.m.G.selectList                     : <==      Total: 0
2026-05-13 14:11:26.169 INFO  [1b20023c5c61] [nio-8080-exec-4] c.d.m.config.RequestLogInterceptor       : <<< GET /api/report/multiAccountSummary | 200 | 290ms
2026-05-13 14:11:26.191 INFO  [670393c261d6] [io-8080-exec-10] c.d.m.config.RequestLogInterceptor       : >>> GET /api/report/dailyTrend?startDate=2026-05-06&endDate=2026-05-13 | IP=0:0:0:0:0:0:0:1
2026-05-13 14:11:26.195 DEBUG [670393c261d6] [io-8080-exec-10] c.d.m.m.GameAccountMapper.selectList     : ==>  Preparing: SELECT id FROM game_account WHERE (user_id = ?)
2026-05-13 14:11:26.195 DEBUG [670393c261d6] [io-8080-exec-10] c.d.m.m.GameAccountMapper.selectList     : ==> Parameters: 2054403907389030401(Long)
2026-05-13 14:11:26.317 DEBUG [670393c261d6] [io-8080-exec-10] c.d.m.m.GameAccountMapper.selectList     : <==      Total: 4
2026-05-13 14:11:26.317 DEBUG [670393c261d6] [io-8080-exec-10] c.d.m.m.G.selectList                     : ==>  Preparing: SELECT id,account_id,screenshot_log_id,balance,balance_change,record_time,source,create_time FROM game_balance_record WHERE (record_time >= ? AND record_time <= ? AND account_id = ?) ORDER BY record_time ASC
2026-05-13 14:11:26.319 DEBUG [670393c261d6] [io-8080-exec-10] c.d.m.m.G.selectList                     : ==> Parameters: 2026-05-06 00:00:00.0(Timestamp), 2026-05-13 23:59:59.999(Timestamp), 2054437452602015745(Long)
2026-05-13 14:11:26.420 DEBUG [670393c261d6] [io-8080-exec-10] c.d.m.m.G.selectList                     : <==      Total: 0
2026-05-13 14:11:26.420 DEBUG [670393c261d6] [io-8080-exec-10] c.d.m.m.GameAccountMapper.selectList     : ==>  Preparing: SELECT id,account_name,game_name,device_id,device_token,device_model,status,user_id,remark,create_by,create_time,update_by,update_time FROM game_account
2026-05-13 14:11:26.420 DEBUG [670393c261d6] [io-8080-exec-10] c.d.m.m.GameAccountMapper.selectList     : ==> Parameters: 
2026-05-13 14:11:26.525 DEBUG [670393c261d6] [io-8080-exec-10] c.d.m.m.GameAccountMapper.selectList     : <==      Total: 4
2026-05-13 14:11:26.529 DEBUG [670393c261d6] [io-8080-exec-10] c.d.m.m.G.selectList                     : ==>  Preparing: SELECT id,account_id,screenshot_log_id,balance,balance_change,record_time,source,create_time FROM game_balance_record WHERE (record_time >= ? AND record_time <= ? AND account_id = ?) ORDER BY record_time ASC
2026-05-13 14:11:26.529 DEBUG [670393c261d6] [io-8080-exec-10] c.d.m.m.G.selectList                     : ==> Parameters: 2026-05-06 00:00:00.0(Timestamp), 2026-05-13 23:59:59.999(Timestamp), 2054439784865726466(Long)
2026-05-13 14:11:26.631 DEBUG [670393c261d6] [io-8080-exec-10] c.d.m.m.G.selectList                     : <==      Total: 0
2026-05-13 14:11:26.632 DEBUG [670393c261d6] [io-8080-exec-10] c.d.m.m.GameAccountMapper.selectList     : ==>  Preparing: SELECT id,account_name,game_name,device_id,device_token,device_model,status,user_id,remark,create_by,create_time,update_by,update_time FROM game_account
2026-05-13 14:11:26.633 DEBUG [670393c261d6] [io-8080-exec-10] c.d.m.m.GameAccountMapper.selectList     : ==> Parameters: 
2026-05-13 14:11:26.753 DEBUG [670393c261d6] [io-8080-exec-10] c.d.m.m.GameAccountMapper.selectList     : <==      Total: 4
2026-05-13 14:11:26.754 DEBUG [670393c261d6] [io-8080-exec-10] c.d.m.m.G.selectList                     : ==>  Preparing: SELECT id,account_id,screenshot_log_id,balance,balance_change,record_time,source,create_time FROM game_balance_record WHERE (record_time >= ? AND record_time <= ? AND account_id = ?) ORDER BY record_time ASC
2026-05-13 14:11:26.754 DEBUG [670393c261d6] [io-8080-exec-10] c.d.m.m.G.selectList                     : ==> Parameters: 2026-05-06 00:00:00.0(Timestamp), 2026-05-13 23:59:59.999(Timestamp), 2054439827807010817(Long)
2026-05-13 14:11:27.035 DEBUG [670393c261d6] [io-8080-exec-10] c.d.m.m.G.selectList                     : <==      Total: 0
2026-05-13 14:11:27.037 DEBUG [670393c261d6] [io-8080-exec-10] c.d.m.m.GameAccountMapper.selectList     : ==>  Preparing: SELECT id,account_name,game_name,device_id,device_token,device_model,status,user_id,remark,create_by,create_time,update_by,update_time FROM game_account
2026-05-13 14:11:27.038 DEBUG [670393c261d6] [io-8080-exec-10] c.d.m.m.GameAccountMapper.selectList     : ==> Parameters: 
2026-05-13 14:11:27.150 DEBUG [670393c261d6] [io-8080-exec-10] c.d.m.m.GameAccountMapper.selectList     : <==      Total: 4
2026-05-13 14:11:27.151 DEBUG [670393c261d6] [io-8080-exec-10] c.d.m.m.G.selectList                     : ==>  Preparing: SELECT id,account_id,screenshot_log_id,balance,balance_change,record_time,source,create_time FROM game_balance_record WHERE (record_time >= ? AND record_time <= ? AND account_id = ?) ORDER BY record_time ASC
2026-05-13 14:11:27.153 DEBUG [670393c261d6] [io-8080-exec-10] c.d.m.m.G.selectList                     : ==> Parameters: 2026-05-06 00:00:00.0(Timestamp), 2026-05-13 23:59:59.999(Timestamp), 2054443847372046337(Long)
2026-05-13 14:11:27.242 DEBUG [670393c261d6] [io-8080-exec-10] c.d.m.m.G.selectList                     : <==      Total: 0
2026-05-13 14:11:27.242 DEBUG [670393c261d6] [io-8080-exec-10] c.d.m.m.GameAccountMapper.selectList     : ==>  Preparing: SELECT id,account_name,game_name,device_id,device_token,device_model,status,user_id,remark,create_by,create_time,update_by,update_time FROM game_account
2026-05-13 14:11:27.242 DEBUG [670393c261d6] [io-8080-exec-10] c.d.m.m.GameAccountMapper.selectList     : ==> Parameters: 
2026-05-13 14:11:27.288 DEBUG [670393c261d6] [io-8080-exec-10] c.d.m.m.GameAccountMapper.selectList     : <==      Total: 4
2026-05-13 14:11:27.298 INFO  [670393c261d6] [io-8080-exec-10] c.d.m.config.RequestLogInterceptor       : <<< GET /api/report/dailyTrend | 200 | 1107ms
2026-05-13 14:12:08.313 INFO  [2aeed7a9716d] [nio-8080-exec-9] c.d.m.config.RequestLogInterceptor       : >>> GET /api/report/multiAccountSummary | IP=0:0:0:0:0:0:0:1
2026-05-13 14:12:08.313 INFO  [40acc43162c7] [nio-8080-exec-8] c.d.m.config.RequestLogInterceptor       : >>> GET /api/account/list?pageNo=1&pageSize=100 | IP=0:0:0:0:0:0:0:1
2026-05-13 14:12:08.403 DEBUG [2aeed7a9716d] [nio-8080-exec-9] c.d.m.m.GameAccountMapper.selectList     : ==>  Preparing: SELECT id FROM game_account WHERE (user_id = ?)
2026-05-13 14:12:08.404 DEBUG [40acc43162c7] [nio-8080-exec-8] c.d.m.m.G.selectList_mpCount             : ==>  Preparing: SELECT COUNT(*) AS total FROM game_account WHERE (user_id = ?)
2026-05-13 14:12:08.404 DEBUG [2aeed7a9716d] [nio-8080-exec-9] c.d.m.m.GameAccountMapper.selectList     : ==> Parameters: 2054403907389030401(Long)
2026-05-13 14:12:08.404 DEBUG [40acc43162c7] [nio-8080-exec-8] c.d.m.m.G.selectList_mpCount             : ==> Parameters: 2054403907389030401(Long)
2026-05-13 14:12:08.451 DEBUG [40acc43162c7] [nio-8080-exec-8] c.d.m.m.G.selectList_mpCount             : <==      Total: 1
2026-05-13 14:12:08.451 DEBUG [2aeed7a9716d] [nio-8080-exec-9] c.d.m.m.GameAccountMapper.selectList     : <==      Total: 4
2026-05-13 14:12:08.451 DEBUG [40acc43162c7] [nio-8080-exec-8] c.d.m.m.GameAccountMapper.selectList     : ==>  Preparing: SELECT id,account_name,game_name,device_id,device_token,device_model,status,user_id,remark,create_by,create_time,update_by,update_time FROM game_account WHERE (user_id = ?) ORDER BY create_time DESC LIMIT ?
2026-05-13 14:12:08.451 DEBUG [40acc43162c7] [nio-8080-exec-8] c.d.m.m.GameAccountMapper.selectList     : ==> Parameters: 2054403907389030401(Long), 100(Long)
2026-05-13 14:12:08.453 DEBUG [2aeed7a9716d] [nio-8080-exec-9] c.d.m.m.GameAccountMapper.selectList     : ==>  Preparing: SELECT id,account_name,game_name,device_id,device_token,device_model,status,user_id,remark,create_by,create_time,update_by,update_time FROM game_account WHERE (status = ? AND id IN (?,?,?,?))
2026-05-13 14:12:08.453 DEBUG [2aeed7a9716d] [nio-8080-exec-9] c.d.m.m.GameAccountMapper.selectList     : ==> Parameters: 1(Integer), 2054437452602015745(Long), 2054439784865726466(Long), 2054439827807010817(Long), 2054443847372046337(Long)
2026-05-13 14:12:08.509 DEBUG [2aeed7a9716d] [nio-8080-exec-9] c.d.m.m.GameAccountMapper.selectList     : <==      Total: 4
2026-05-13 14:12:08.509 DEBUG [40acc43162c7] [nio-8080-exec-8] c.d.m.m.GameAccountMapper.selectList     : <==      Total: 4
2026-05-13 14:12:08.511 DEBUG [2aeed7a9716d] [nio-8080-exec-9] c.d.m.m.G.selectList                     : ==>  Preparing: SELECT id,account_id,screenshot_log_id,balance,balance_change,record_time,source,create_time FROM game_balance_record WHERE (account_id = ?) ORDER BY record_time DESC LIMIT 1
2026-05-13 14:12:08.511 DEBUG [2aeed7a9716d] [nio-8080-exec-9] c.d.m.m.G.selectList                     : ==> Parameters: 2054437452602015745(Long)
2026-05-13 14:12:08.511 INFO  [40acc43162c7] [nio-8080-exec-8] c.d.m.config.RequestLogInterceptor       : <<< GET /api/account/list | 200 | 198ms
2026-05-13 14:12:08.543 DEBUG [2aeed7a9716d] [nio-8080-exec-9] c.d.m.m.G.selectList                     : <==      Total: 0
2026-05-13 14:12:08.545 DEBUG [2aeed7a9716d] [nio-8080-exec-9] c.d.m.m.G.selectList                     : ==>  Preparing: SELECT id,account_id,screenshot_log_id,balance,balance_change,record_time,source,create_time FROM game_balance_record WHERE (account_id = ?) ORDER BY record_time DESC LIMIT 1
2026-05-13 14:12:08.545 DEBUG [2aeed7a9716d] [nio-8080-exec-9] c.d.m.m.G.selectList                     : ==> Parameters: 2054439784865726466(Long)
2026-05-13 14:12:08.630 DEBUG [2aeed7a9716d] [nio-8080-exec-9] c.d.m.m.G.selectList                     : <==      Total: 0
2026-05-13 14:12:08.630 DEBUG [2aeed7a9716d] [nio-8080-exec-9] c.d.m.m.G.selectList                     : ==>  Preparing: SELECT id,account_id,screenshot_log_id,balance,balance_change,record_time,source,create_time FROM game_balance_record WHERE (account_id = ?) ORDER BY record_time DESC LIMIT 1
2026-05-13 14:12:08.631 DEBUG [2aeed7a9716d] [nio-8080-exec-9] c.d.m.m.G.selectList                     : ==> Parameters: 2054439827807010817(Long)
2026-05-13 14:12:08.846 DEBUG [2aeed7a9716d] [nio-8080-exec-9] c.d.m.m.G.selectList                     : <==      Total: 0
2026-05-13 14:12:08.847 DEBUG [2aeed7a9716d] [nio-8080-exec-9] c.d.m.m.G.selectList                     : ==>  Preparing: SELECT id,account_id,screenshot_log_id,balance,balance_change,record_time,source,create_time FROM game_balance_record WHERE (account_id = ?) ORDER BY record_time DESC LIMIT 1
2026-05-13 14:12:08.847 DEBUG [2aeed7a9716d] [nio-8080-exec-9] c.d.m.m.G.selectList                     : ==> Parameters: 2054443847372046337(Long)
2026-05-13 14:12:09.113 DEBUG [2aeed7a9716d] [nio-8080-exec-9] c.d.m.m.G.selectList                     : <==      Total: 0
2026-05-13 14:12:09.116 INFO  [2aeed7a9716d] [nio-8080-exec-9] c.d.m.config.RequestLogInterceptor       : <<< GET /api/report/multiAccountSummary | 200 | 803ms
2026-05-13 14:12:09.135 INFO  [10150d39f51c] [nio-8080-exec-7] c.d.m.config.RequestLogInterceptor       : >>> GET /api/report/dailyTrend?startDate=2026-05-06&endDate=2026-05-13 | IP=0:0:0:0:0:0:0:1
2026-05-13 14:12:09.179 DEBUG [10150d39f51c] [nio-8080-exec-7] c.d.m.m.GameAccountMapper.selectList     : ==>  Preparing: SELECT id FROM game_account WHERE (user_id = ?)
2026-05-13 14:12:09.180 DEBUG [10150d39f51c] [nio-8080-exec-7] c.d.m.m.GameAccountMapper.selectList     : ==> Parameters: 2054403907389030401(Long)
2026-05-13 14:12:09.217 DEBUG [10150d39f51c] [nio-8080-exec-7] c.d.m.m.GameAccountMapper.selectList     : <==      Total: 4
2026-05-13 14:12:09.218 DEBUG [10150d39f51c] [nio-8080-exec-7] c.d.m.m.G.selectList                     : ==>  Preparing: SELECT id,account_id,screenshot_log_id,balance,balance_change,record_time,source,create_time FROM game_balance_record WHERE (record_time >= ? AND record_time <= ? AND account_id = ?) ORDER BY record_time ASC
2026-05-13 14:12:09.219 DEBUG [10150d39f51c] [nio-8080-exec-7] c.d.m.m.G.selectList                     : ==> Parameters: 2026-05-06 00:00:00.0(Timestamp), 2026-05-13 23:59:59.999(Timestamp), 2054437452602015745(Long)
2026-05-13 14:12:09.323 DEBUG [10150d39f51c] [nio-8080-exec-7] c.d.m.m.G.selectList                     : <==      Total: 0
2026-05-13 14:12:09.324 DEBUG [10150d39f51c] [nio-8080-exec-7] c.d.m.m.GameAccountMapper.selectList     : ==>  Preparing: SELECT id,account_name,game_name,device_id,device_token,device_model,status,user_id,remark,create_by,create_time,update_by,update_time FROM game_account
2026-05-13 14:12:09.324 DEBUG [10150d39f51c] [nio-8080-exec-7] c.d.m.m.GameAccountMapper.selectList     : ==> Parameters: 
2026-05-13 14:12:09.369 INFO  [40fe05ec2027] [nio-8080-exec-6] c.d.m.config.RequestLogInterceptor       : >>> GET /api/account/list?pageNo=1&pageSize=100 | IP=0:0:0:0:0:0:0:1
2026-05-13 14:12:09.395 DEBUG [10150d39f51c] [nio-8080-exec-7] c.d.m.m.GameAccountMapper.selectList     : <==      Total: 4
2026-05-13 14:12:09.397 DEBUG [10150d39f51c] [nio-8080-exec-7] c.d.m.m.G.selectList                     : ==>  Preparing: SELECT id,account_id,screenshot_log_id,balance,balance_change,record_time,source,create_time FROM game_balance_record WHERE (record_time >= ? AND record_time <= ? AND account_id = ?) ORDER BY record_time ASC
2026-05-13 14:12:09.397 DEBUG [10150d39f51c] [nio-8080-exec-7] c.d.m.m.G.selectList                     : ==> Parameters: 2026-05-06 00:00:00.0(Timestamp), 2026-05-13 23:59:59.999(Timestamp), 2054439784865726466(Long)
2026-05-13 14:12:09.416 DEBUG [40fe05ec2027] [nio-8080-exec-6] c.d.m.m.G.selectList_mpCount             : ==>  Preparing: SELECT COUNT(*) AS total FROM game_account WHERE (user_id = ?)
2026-05-13 14:12:09.416 DEBUG [40fe05ec2027] [nio-8080-exec-6] c.d.m.m.G.selectList_mpCount             : ==> Parameters: 2054403907389030401(Long)
2026-05-13 14:12:09.429 DEBUG [10150d39f51c] [nio-8080-exec-7] c.d.m.m.G.selectList                     : <==      Total: 0
2026-05-13 14:12:09.431 DEBUG [10150d39f51c] [nio-8080-exec-7] c.d.m.m.GameAccountMapper.selectList     : ==>  Preparing: SELECT id,account_name,game_name,device_id,device_token,device_model,status,user_id,remark,create_by,create_time,update_by,update_time FROM game_account
2026-05-13 14:12:09.431 DEBUG [10150d39f51c] [nio-8080-exec-7] c.d.m.m.GameAccountMapper.selectList     : ==> Parameters: 
2026-05-13 14:12:09.450 DEBUG [40fe05ec2027] [nio-8080-exec-6] c.d.m.m.G.selectList_mpCount             : <==      Total: 1
2026-05-13 14:12:09.450 DEBUG [40fe05ec2027] [nio-8080-exec-6] c.d.m.m.GameAccountMapper.selectList     : ==>  Preparing: SELECT id,account_name,game_name,device_id,device_token,device_model,status,user_id,remark,create_by,create_time,update_by,update_time FROM game_account WHERE (user_id = ?) ORDER BY create_time DESC LIMIT ?
2026-05-13 14:12:09.451 DEBUG [40fe05ec2027] [nio-8080-exec-6] c.d.m.m.GameAccountMapper.selectList     : ==> Parameters: 2054403907389030401(Long), 100(Long)
2026-05-13 14:12:09.463 DEBUG [10150d39f51c] [nio-8080-exec-7] c.d.m.m.GameAccountMapper.selectList     : <==      Total: 4
2026-05-13 14:12:09.464 DEBUG [10150d39f51c] [nio-8080-exec-7] c.d.m.m.G.selectList                     : ==>  Preparing: SELECT id,account_id,screenshot_log_id,balance,balance_change,record_time,source,create_time FROM game_balance_record WHERE (record_time >= ? AND record_time <= ? AND account_id = ?) ORDER BY record_time ASC
2026-05-13 14:12:09.464 DEBUG [10150d39f51c] [nio-8080-exec-7] c.d.m.m.G.selectList                     : ==> Parameters: 2026-05-06 00:00:00.0(Timestamp), 2026-05-13 23:59:59.999(Timestamp), 2054439827807010817(Long)
2026-05-13 14:12:09.531 DEBUG [10150d39f51c] [nio-8080-exec-7] c.d.m.m.G.selectList                     : <==      Total: 0
2026-05-13 14:12:09.532 DEBUG [40fe05ec2027] [nio-8080-exec-6] c.d.m.m.GameAccountMapper.selectList     : <==      Total: 4
2026-05-13 14:12:09.532 DEBUG [10150d39f51c] [nio-8080-exec-7] c.d.m.m.GameAccountMapper.selectList     : ==>  Preparing: SELECT id,account_name,game_name,device_id,device_token,device_model,status,user_id,remark,create_by,create_time,update_by,update_time FROM game_account
2026-05-13 14:12:09.532 DEBUG [10150d39f51c] [nio-8080-exec-7] c.d.m.m.GameAccountMapper.selectList     : ==> Parameters: 
2026-05-13 14:12:09.534 INFO  [40fe05ec2027] [nio-8080-exec-6] c.d.m.config.RequestLogInterceptor       : <<< GET /api/account/list | 200 | 165ms
2026-05-13 14:12:09.631 DEBUG [10150d39f51c] [nio-8080-exec-7] c.d.m.m.GameAccountMapper.selectList     : <==      Total: 4
2026-05-13 14:12:09.633 DEBUG [10150d39f51c] [nio-8080-exec-7] c.d.m.m.G.selectList                     : ==>  Preparing: SELECT id,account_id,screenshot_log_id,balance,balance_change,record_time,source,create_time FROM game_balance_record WHERE (record_time >= ? AND record_time <= ? AND account_id = ?) ORDER BY record_time ASC
2026-05-13 14:12:09.633 DEBUG [10150d39f51c] [nio-8080-exec-7] c.d.m.m.G.selectList                     : ==> Parameters: 2026-05-06 00:00:00.0(Timestamp), 2026-05-13 23:59:59.999(Timestamp), 2054443847372046337(Long)
2026-05-13 14:12:09.736 DEBUG [10150d39f51c] [nio-8080-exec-7] c.d.m.m.G.selectList                     : <==      Total: 0
2026-05-13 14:12:09.739 DEBUG [10150d39f51c] [nio-8080-exec-7] c.d.m.m.GameAccountMapper.selectList     : ==>  Preparing: SELECT id,account_name,game_name,device_id,device_token,device_model,status,user_id,remark,create_by,create_time,update_by,update_time FROM game_account
2026-05-13 14:12:09.739 DEBUG [10150d39f51c] [nio-8080-exec-7] c.d.m.m.GameAccountMapper.selectList     : ==> Parameters: 
2026-05-13 14:12:09.849 DEBUG [10150d39f51c] [nio-8080-exec-7] c.d.m.m.GameAccountMapper.selectList     : <==      Total: 4
2026-05-13 14:12:09.851 INFO  [10150d39f51c] [nio-8080-exec-7] c.d.m.config.RequestLogInterceptor       : <<< GET /api/report/dailyTrend | 200 | 716ms
2026-05-13 14:12:09.860 INFO  [d3aadf2f97d9] [nio-8080-exec-1] c.d.m.config.RequestLogInterceptor       : >>> GET /api/report/dailyTrend?startDate=2026-05-06&endDate=2026-05-13 | IP=0:0:0:0:0:0:0:1
2026-05-13 14:12:09.862 DEBUG [d3aadf2f97d9] [nio-8080-exec-1] c.d.m.m.GameAccountMapper.selectList     : ==>  Preparing: SELECT id FROM game_account WHERE (user_id = ?)
2026-05-13 14:12:09.863 DEBUG [d3aadf2f97d9] [nio-8080-exec-1] c.d.m.m.GameAccountMapper.selectList     : ==> Parameters: 2054403907389030401(Long)
2026-05-13 14:12:09.938 DEBUG [d3aadf2f97d9] [nio-8080-exec-1] c.d.m.m.GameAccountMapper.selectList     : <==      Total: 4
2026-05-13 14:12:09.939 DEBUG [d3aadf2f97d9] [nio-8080-exec-1] c.d.m.m.G.selectList                     : ==>  Preparing: SELECT id,account_id,screenshot_log_id,balance,balance_change,record_time,source,create_time FROM game_balance_record WHERE (record_time >= ? AND record_time <= ? AND account_id = ?) ORDER BY record_time ASC
2026-05-13 14:12:09.940 DEBUG [d3aadf2f97d9] [nio-8080-exec-1] c.d.m.m.G.selectList                     : ==> Parameters: 2026-05-06 00:00:00.0(Timestamp), 2026-05-13 23:59:59.999(Timestamp), 2054437452602015745(Long)
2026-05-13 14:12:10.040 DEBUG [d3aadf2f97d9] [nio-8080-exec-1] c.d.m.m.G.selectList                     : <==      Total: 0
2026-05-13 14:12:10.041 DEBUG [d3aadf2f97d9] [nio-8080-exec-1] c.d.m.m.GameAccountMapper.selectList     : ==>  Preparing: SELECT id,account_name,game_name,device_id,device_token,device_model,status,user_id,remark,create_by,create_time,update_by,update_time FROM game_account
2026-05-13 14:12:10.042 DEBUG [d3aadf2f97d9] [nio-8080-exec-1] c.d.m.m.GameAccountMapper.selectList     : ==> Parameters: 
2026-05-13 14:12:10.144 DEBUG [d3aadf2f97d9] [nio-8080-exec-1] c.d.m.m.GameAccountMapper.selectList     : <==      Total: 4
2026-05-13 14:12:10.145 DEBUG [d3aadf2f97d9] [nio-8080-exec-1] c.d.m.m.G.selectList                     : ==>  Preparing: SELECT id,account_id,screenshot_log_id,balance,balance_change,record_time,source,create_time FROM game_balance_record WHERE (record_time >= ? AND record_time <= ? AND account_id = ?) ORDER BY record_time ASC
2026-05-13 14:12:10.146 DEBUG [d3aadf2f97d9] [nio-8080-exec-1] c.d.m.m.G.selectList                     : ==> Parameters: 2026-05-06 00:00:00.0(Timestamp), 2026-05-13 23:59:59.999(Timestamp), 2054439784865726466(Long)
2026-05-13 14:12:10.178 DEBUG [d3aadf2f97d9] [nio-8080-exec-1] c.d.m.m.G.selectList                     : <==      Total: 0
2026-05-13 14:12:10.178 DEBUG [d3aadf2f97d9] [nio-8080-exec-1] c.d.m.m.GameAccountMapper.selectList     : ==>  Preparing: SELECT id,account_name,game_name,device_id,device_token,device_model,status,user_id,remark,create_by,create_time,update_by,update_time FROM game_account
2026-05-13 14:12:10.178 DEBUG [d3aadf2f97d9] [nio-8080-exec-1] c.d.m.m.GameAccountMapper.selectList     : ==> Parameters: 
2026-05-13 14:12:10.210 DEBUG [d3aadf2f97d9] [nio-8080-exec-1] c.d.m.m.GameAccountMapper.selectList     : <==      Total: 4
2026-05-13 14:12:10.211 DEBUG [d3aadf2f97d9] [nio-8080-exec-1] c.d.m.m.G.selectList                     : ==>  Preparing: SELECT id,account_id,screenshot_log_id,balance,balance_change,record_time,source,create_time FROM game_balance_record WHERE (record_time >= ? AND record_time <= ? AND account_id = ?) ORDER BY record_time ASC
2026-05-13 14:12:10.211 DEBUG [d3aadf2f97d9] [nio-8080-exec-1] c.d.m.m.G.selectList                     : ==> Parameters: 2026-05-06 00:00:00.0(Timestamp), 2026-05-13 23:59:59.999(Timestamp), 2054439827807010817(Long)
2026-05-13 14:12:10.256 DEBUG [d3aadf2f97d9] [nio-8080-exec-1] c.d.m.m.G.selectList                     : <==      Total: 0
2026-05-13 14:12:10.256 DEBUG [d3aadf2f97d9] [nio-8080-exec-1] c.d.m.m.GameAccountMapper.selectList     : ==>  Preparing: SELECT id,account_name,game_name,device_id,device_token,device_model,status,user_id,remark,create_by,create_time,update_by,update_time FROM game_account
2026-05-13 14:12:10.256 DEBUG [d3aadf2f97d9] [nio-8080-exec-1] c.d.m.m.GameAccountMapper.selectList     : ==> Parameters: 
2026-05-13 14:12:10.287 DEBUG [d3aadf2f97d9] [nio-8080-exec-1] c.d.m.m.GameAccountMapper.selectList     : <==      Total: 4
2026-05-13 14:12:10.289 DEBUG [d3aadf2f97d9] [nio-8080-exec-1] c.d.m.m.G.selectList                     : ==>  Preparing: SELECT id,account_id,screenshot_log_id,balance,balance_change,record_time,source,create_time FROM game_balance_record WHERE (record_time >= ? AND record_time <= ? AND account_id = ?) ORDER BY record_time ASC
2026-05-13 14:12:10.289 DEBUG [d3aadf2f97d9] [nio-8080-exec-1] c.d.m.m.G.selectList                     : ==> Parameters: 2026-05-06 00:00:00.0(Timestamp), 2026-05-13 23:59:59.999(Timestamp), 2054443847372046337(Long)
2026-05-13 14:12:10.321 DEBUG [d3aadf2f97d9] [nio-8080-exec-1] c.d.m.m.G.selectList                     : <==      Total: 0
2026-05-13 14:12:10.322 DEBUG [d3aadf2f97d9] [nio-8080-exec-1] c.d.m.m.GameAccountMapper.selectList     : ==>  Preparing: SELECT id,account_name,game_name,device_id,device_token,device_model,status,user_id,remark,create_by,create_time,update_by,update_time FROM game_account
2026-05-13 14:12:10.322 DEBUG [d3aadf2f97d9] [nio-8080-exec-1] c.d.m.m.GameAccountMapper.selectList     : ==> Parameters: 
2026-05-13 14:12:10.354 DEBUG [d3aadf2f97d9] [nio-8080-exec-1] c.d.m.m.GameAccountMapper.selectList     : <==      Total: 4
2026-05-13 14:12:10.356 INFO  [d3aadf2f97d9] [nio-8080-exec-1] c.d.m.config.RequestLogInterceptor       : <<< GET /api/report/dailyTrend | 200 | 496ms
2026-05-13 14:12:10.483 INFO  [e537935d0f0a] [nio-8080-exec-3] c.d.m.config.RequestLogInterceptor       : >>> GET /api/report/multiAccountSummary | IP=0:0:0:0:0:0:0:1
2026-05-13 14:12:10.483 INFO  [33c68fe2e769] [nio-8080-exec-2] c.d.m.config.RequestLogInterceptor       : >>> GET /api/account/list?pageNo=1&pageSize=100 | IP=0:0:0:0:0:0:0:1
2026-05-13 14:12:10.487 DEBUG [33c68fe2e769] [nio-8080-exec-2] c.d.m.m.G.selectList_mpCount             : ==>  Preparing: SELECT COUNT(*) AS total FROM game_account WHERE (user_id = ?)
2026-05-13 14:12:10.487 DEBUG [33c68fe2e769] [nio-8080-exec-2] c.d.m.m.G.selectList_mpCount             : ==> Parameters: 2054403907389030401(Long)
2026-05-13 14:12:10.514 DEBUG [e537935d0f0a] [nio-8080-exec-3] c.d.m.m.GameAccountMapper.selectList     : ==>  Preparing: SELECT id FROM game_account WHERE (user_id = ?)
2026-05-13 14:12:10.514 DEBUG [e537935d0f0a] [nio-8080-exec-3] c.d.m.m.GameAccountMapper.selectList     : ==> Parameters: 2054403907389030401(Long)
2026-05-13 14:12:10.519 DEBUG [33c68fe2e769] [nio-8080-exec-2] c.d.m.m.G.selectList_mpCount             : <==      Total: 1
2026-05-13 14:12:10.520 DEBUG [33c68fe2e769] [nio-8080-exec-2] c.d.m.m.GameAccountMapper.selectList     : ==>  Preparing: SELECT id,account_name,game_name,device_id,device_token,device_model,status,user_id,remark,create_by,create_time,update_by,update_time FROM game_account WHERE (user_id = ?) ORDER BY create_time DESC LIMIT ?
2026-05-13 14:12:10.520 DEBUG [33c68fe2e769] [nio-8080-exec-2] c.d.m.m.GameAccountMapper.selectList     : ==> Parameters: 2054403907389030401(Long), 100(Long)
2026-05-13 14:12:10.550 DEBUG [e537935d0f0a] [nio-8080-exec-3] c.d.m.m.GameAccountMapper.selectList     : <==      Total: 4
2026-05-13 14:12:10.551 DEBUG [e537935d0f0a] [nio-8080-exec-3] c.d.m.m.GameAccountMapper.selectList     : ==>  Preparing: SELECT id,account_name,game_name,device_id,device_token,device_model,status,user_id,remark,create_by,create_time,update_by,update_time FROM game_account WHERE (status = ? AND id IN (?,?,?,?))
2026-05-13 14:12:10.552 DEBUG [e537935d0f0a] [nio-8080-exec-3] c.d.m.m.GameAccountMapper.selectList     : ==> Parameters: 1(Integer), 2054437452602015745(Long), 2054439784865726466(Long), 2054439827807010817(Long), 2054443847372046337(Long)
2026-05-13 14:12:10.552 DEBUG [33c68fe2e769] [nio-8080-exec-2] c.d.m.m.GameAccountMapper.selectList     : <==      Total: 4
2026-05-13 14:12:10.554 INFO  [33c68fe2e769] [nio-8080-exec-2] c.d.m.config.RequestLogInterceptor       : <<< GET /api/account/list | 200 | 71ms
2026-05-13 14:12:10.586 DEBUG [e537935d0f0a] [nio-8080-exec-3] c.d.m.m.GameAccountMapper.selectList     : <==      Total: 4
2026-05-13 14:12:10.589 DEBUG [e537935d0f0a] [nio-8080-exec-3] c.d.m.m.G.selectList                     : ==>  Preparing: SELECT id,account_id,screenshot_log_id,balance,balance_change,record_time,source,create_time FROM game_balance_record WHERE (account_id = ?) ORDER BY record_time DESC LIMIT 1
2026-05-13 14:12:10.590 DEBUG [e537935d0f0a] [nio-8080-exec-3] c.d.m.m.G.selectList                     : ==> Parameters: 2054437452602015745(Long)
2026-05-13 14:12:10.621 DEBUG [e537935d0f0a] [nio-8080-exec-3] c.d.m.m.G.selectList                     : <==      Total: 0
2026-05-13 14:12:10.622 DEBUG [e537935d0f0a] [nio-8080-exec-3] c.d.m.m.G.selectList                     : ==>  Preparing: SELECT id,account_id,screenshot_log_id,balance,balance_change,record_time,source,create_time FROM game_balance_record WHERE (account_id = ?) ORDER BY record_time DESC LIMIT 1
2026-05-13 14:12:10.623 DEBUG [e537935d0f0a] [nio-8080-exec-3] c.d.m.m.G.selectList                     : ==> Parameters: 2054439784865726466(Long)
2026-05-13 14:12:10.659 DEBUG [e537935d0f0a] [nio-8080-exec-3] c.d.m.m.G.selectList                     : <==      Total: 0
2026-05-13 14:12:10.660 DEBUG [e537935d0f0a] [nio-8080-exec-3] c.d.m.m.G.selectList                     : ==>  Preparing: SELECT id,account_id,screenshot_log_id,balance,balance_change,record_time,source,create_time FROM game_balance_record WHERE (account_id = ?) ORDER BY record_time DESC LIMIT 1
2026-05-13 14:12:10.660 DEBUG [e537935d0f0a] [nio-8080-exec-3] c.d.m.m.G.selectList                     : ==> Parameters: 2054439827807010817(Long)
2026-05-13 14:12:10.706 DEBUG [e537935d0f0a] [nio-8080-exec-3] c.d.m.m.G.selectList                     : <==      Total: 0
2026-05-13 14:12:10.709 DEBUG [e537935d0f0a] [nio-8080-exec-3] c.d.m.m.G.selectList                     : ==>  Preparing: SELECT id,account_id,screenshot_log_id,balance,balance_change,record_time,source,create_time FROM game_balance_record WHERE (account_id = ?) ORDER BY record_time DESC LIMIT 1
2026-05-13 14:12:10.710 DEBUG [e537935d0f0a] [nio-8080-exec-3] c.d.m.m.G.selectList                     : ==> Parameters: 2054443847372046337(Long)
2026-05-13 14:12:10.806 DEBUG [e537935d0f0a] [nio-8080-exec-3] c.d.m.m.G.selectList                     : <==      Total: 0
2026-05-13 14:12:10.810 INFO  [e537935d0f0a] [nio-8080-exec-3] c.d.m.config.RequestLogInterceptor       : <<< GET /api/report/multiAccountSummary | 200 | 327ms
2026-05-13 14:12:10.828 INFO  [2e5414cb034a] [nio-8080-exec-5] c.d.m.config.RequestLogInterceptor       : >>> GET /api/report/dailyTrend?startDate=2026-05-06&endDate=2026-05-13 | IP=0:0:0:0:0:0:0:1
2026-05-13 14:12:10.830 DEBUG [2e5414cb034a] [nio-8080-exec-5] c.d.m.m.GameAccountMapper.selectList     : ==>  Preparing: SELECT id FROM game_account WHERE (user_id = ?)
2026-05-13 14:12:10.830 DEBUG [2e5414cb034a] [nio-8080-exec-5] c.d.m.m.GameAccountMapper.selectList     : ==> Parameters: 2054403907389030401(Long)
2026-05-13 14:12:10.915 DEBUG [2e5414cb034a] [nio-8080-exec-5] c.d.m.m.GameAccountMapper.selectList     : <==      Total: 4
2026-05-13 14:12:10.916 DEBUG [2e5414cb034a] [nio-8080-exec-5] c.d.m.m.G.selectList                     : ==>  Preparing: SELECT id,account_id,screenshot_log_id,balance,balance_change,record_time,source,create_time FROM game_balance_record WHERE (record_time >= ? AND record_time <= ? AND account_id = ?) ORDER BY record_time ASC
2026-05-13 14:12:10.916 DEBUG [2e5414cb034a] [nio-8080-exec-5] c.d.m.m.G.selectList                     : ==> Parameters: 2026-05-06 00:00:00.0(Timestamp), 2026-05-13 23:59:59.999(Timestamp), 2054437452602015745(Long)
2026-05-13 14:12:10.950 DEBUG [2e5414cb034a] [nio-8080-exec-5] c.d.m.m.G.selectList                     : <==      Total: 0
2026-05-13 14:12:10.950 DEBUG [2e5414cb034a] [nio-8080-exec-5] c.d.m.m.GameAccountMapper.selectList     : ==>  Preparing: SELECT id,account_name,game_name,device_id,device_token,device_model,status,user_id,remark,create_by,create_time,update_by,update_time FROM game_account
2026-05-13 14:12:10.951 DEBUG [2e5414cb034a] [nio-8080-exec-5] c.d.m.m.GameAccountMapper.selectList     : ==> Parameters: 
2026-05-13 14:12:10.982 DEBUG [2e5414cb034a] [nio-8080-exec-5] c.d.m.m.GameAccountMapper.selectList     : <==      Total: 4
2026-05-13 14:12:10.984 DEBUG [2e5414cb034a] [nio-8080-exec-5] c.d.m.m.G.selectList                     : ==>  Preparing: SELECT id,account_id,screenshot_log_id,balance,balance_change,record_time,source,create_time FROM game_balance_record WHERE (record_time >= ? AND record_time <= ? AND account_id = ?) ORDER BY record_time ASC
2026-05-13 14:12:10.984 DEBUG [2e5414cb034a] [nio-8080-exec-5] c.d.m.m.G.selectList                     : ==> Parameters: 2026-05-06 00:00:00.0(Timestamp), 2026-05-13 23:59:59.999(Timestamp), 2054439784865726466(Long)
2026-05-13 14:12:11.014 DEBUG [2e5414cb034a] [nio-8080-exec-5] c.d.m.m.G.selectList                     : <==      Total: 0
2026-05-13 14:12:11.015 DEBUG [2e5414cb034a] [nio-8080-exec-5] c.d.m.m.GameAccountMapper.selectList     : ==>  Preparing: SELECT id,account_name,game_name,device_id,device_token,device_model,status,user_id,remark,create_by,create_time,update_by,update_time FROM game_account
2026-05-13 14:12:11.015 DEBUG [2e5414cb034a] [nio-8080-exec-5] c.d.m.m.GameAccountMapper.selectList     : ==> Parameters: 
2026-05-13 14:12:11.046 DEBUG [2e5414cb034a] [nio-8080-exec-5] c.d.m.m.GameAccountMapper.selectList     : <==      Total: 4
2026-05-13 14:12:11.048 DEBUG [2e5414cb034a] [nio-8080-exec-5] c.d.m.m.G.selectList                     : ==>  Preparing: SELECT id,account_id,screenshot_log_id,balance,balance_change,record_time,source,create_time FROM game_balance_record WHERE (record_time >= ? AND record_time <= ? AND account_id = ?) ORDER BY record_time ASC
2026-05-13 14:12:11.050 DEBUG [2e5414cb034a] [nio-8080-exec-5] c.d.m.m.G.selectList                     : ==> Parameters: 2026-05-06 00:00:00.0(Timestamp), 2026-05-13 23:59:59.999(Timestamp), 2054439827807010817(Long)
2026-05-13 14:12:11.082 DEBUG [2e5414cb034a] [nio-8080-exec-5] c.d.m.m.G.selectList                     : <==      Total: 0
2026-05-13 14:12:11.082 DEBUG [2e5414cb034a] [nio-8080-exec-5] c.d.m.m.GameAccountMapper.selectList     : ==>  Preparing: SELECT id,account_name,game_name,device_id,device_token,device_model,status,user_id,remark,create_by,create_time,update_by,update_time FROM game_account
2026-05-13 14:12:11.082 DEBUG [2e5414cb034a] [nio-8080-exec-5] c.d.m.m.GameAccountMapper.selectList     : ==> Parameters: 
2026-05-13 14:12:11.114 DEBUG [2e5414cb034a] [nio-8080-exec-5] c.d.m.m.GameAccountMapper.selectList     : <==      Total: 4
2026-05-13 14:12:11.116 DEBUG [2e5414cb034a] [nio-8080-exec-5] c.d.m.m.G.selectList                     : ==>  Preparing: SELECT id,account_id,screenshot_log_id,balance,balance_change,record_time,source,create_time FROM game_balance_record WHERE (record_time >= ? AND record_time <= ? AND account_id = ?) ORDER BY record_time ASC
2026-05-13 14:12:11.116 DEBUG [2e5414cb034a] [nio-8080-exec-5] c.d.m.m.G.selectList                     : ==> Parameters: 2026-05-06 00:00:00.0(Timestamp), 2026-05-13 23:59:59.999(Timestamp), 2054443847372046337(Long)
2026-05-13 14:12:11.150 DEBUG [2e5414cb034a] [nio-8080-exec-5] c.d.m.m.G.selectList                     : <==      Total: 0
2026-05-13 14:12:11.151 DEBUG [2e5414cb034a] [nio-8080-exec-5] c.d.m.m.GameAccountMapper.selectList     : ==>  Preparing: SELECT id,account_name,game_name,device_id,device_token,device_model,status,user_id,remark,create_by,create_time,update_by,update_time FROM game_account
2026-05-13 14:12:11.151 DEBUG [2e5414cb034a] [nio-8080-exec-5] c.d.m.m.GameAccountMapper.selectList     : ==> Parameters: 
2026-05-13 14:12:11.191 DEBUG [2e5414cb034a] [nio-8080-exec-5] c.d.m.m.GameAccountMapper.selectList     : <==      Total: 4
2026-05-13 14:12:11.192 INFO  [2e5414cb034a] [nio-8080-exec-5] c.d.m.config.RequestLogInterceptor       : <<< GET /api/report/dailyTrend | 200 | 364ms
2026-05-13 14:12:13.165 INFO  [6fbc546e58c1] [nio-8080-exec-8] c.d.m.config.RequestLogInterceptor       : >>> GET /api/screenshot/pendingReview | IP=0:0:0:0:0:0:0:1
2026-05-13 14:12:13.165 INFO  [681df00f1099] [io-8080-exec-10] c.d.m.config.RequestLogInterceptor       : >>> GET /api/account/list?pageNo=1&pageSize=100 | IP=0:0:0:0:0:0:0:1
2026-05-13 14:12:13.165 INFO  [5fcb53c6c349] [nio-8080-exec-4] c.d.m.config.RequestLogInterceptor       : >>> GET /api/screenshot/list?pageNo=1&pageSize=10 | IP=0:0:0:0:0:0:0:1
2026-05-13 14:12:13.195 DEBUG [5fcb53c6c349] [nio-8080-exec-4] c.d.m.m.GameAccountMapper.selectList     : ==>  Preparing: SELECT id FROM game_account WHERE (user_id = ?)
2026-05-13 14:12:13.195 DEBUG [6fbc546e58c1] [nio-8080-exec-8] c.d.m.m.G.selectList                     : ==>  Preparing: SELECT id,account_id,original_url,cropped_url,upload_time,ocr_status,ocr_raw_text,ocr_confidence,parsed_amount,manual_amount,error_message,ocr_process_time,create_time FROM game_screenshot_log WHERE (ocr_status = ?) ORDER BY create_time ASC
2026-05-13 14:12:13.195 DEBUG [5fcb53c6c349] [nio-8080-exec-4] c.d.m.m.GameAccountMapper.selectList     : ==> Parameters: 2054403907389030401(Long)
2026-05-13 14:12:13.195 DEBUG [6fbc546e58c1] [nio-8080-exec-8] c.d.m.m.G.selectList                     : ==> Parameters: 3(Integer)
2026-05-13 14:12:13.202 DEBUG [681df00f1099] [io-8080-exec-10] c.d.m.m.G.selectList_mpCount             : ==>  Preparing: SELECT COUNT(*) AS total FROM game_account WHERE (user_id = ?)
2026-05-13 14:12:13.202 DEBUG [681df00f1099] [io-8080-exec-10] c.d.m.m.G.selectList_mpCount             : ==> Parameters: 2054403907389030401(Long)
2026-05-13 14:12:13.227 DEBUG [6fbc546e58c1] [nio-8080-exec-8] c.d.m.m.G.selectList                     : <==      Total: 0
2026-05-13 14:12:13.227 DEBUG [5fcb53c6c349] [nio-8080-exec-4] c.d.m.m.GameAccountMapper.selectList     : <==      Total: 4
2026-05-13 14:12:13.227 DEBUG [6fbc546e58c1] [nio-8080-exec-8] c.d.m.m.GameAccountMapper.selectList     : ==>  Preparing: SELECT id FROM game_account WHERE (user_id = ?)
2026-05-13 14:12:13.228 DEBUG [6fbc546e58c1] [nio-8080-exec-8] c.d.m.m.GameAccountMapper.selectList     : ==> Parameters: 2054403907389030401(Long)
2026-05-13 14:12:13.232 DEBUG [681df00f1099] [io-8080-exec-10] c.d.m.m.G.selectList_mpCount             : <==      Total: 1
2026-05-13 14:12:13.233 DEBUG [681df00f1099] [io-8080-exec-10] c.d.m.m.GameAccountMapper.selectList     : ==>  Preparing: SELECT id,account_name,game_name,device_id,device_token,device_model,status,user_id,remark,create_by,create_time,update_by,update_time FROM game_account WHERE (user_id = ?) ORDER BY create_time DESC LIMIT ?
2026-05-13 14:12:13.233 DEBUG [681df00f1099] [io-8080-exec-10] c.d.m.m.GameAccountMapper.selectList     : ==> Parameters: 2054403907389030401(Long), 100(Long)
2026-05-13 14:12:13.234 DEBUG [5fcb53c6c349] [nio-8080-exec-4] c.d.m.m.G.selectList_mpCount             : ==>  Preparing: SELECT COUNT(*) AS total FROM game_screenshot_log WHERE (account_id IN (?, ?, ?, ?))
2026-05-13 14:12:13.234 DEBUG [5fcb53c6c349] [nio-8080-exec-4] c.d.m.m.G.selectList_mpCount             : ==> Parameters: 2054437452602015745(Long), 2054439784865726466(Long), 2054439827807010817(Long), 2054443847372046337(Long)
2026-05-13 14:12:13.259 DEBUG [6fbc546e58c1] [nio-8080-exec-8] c.d.m.m.GameAccountMapper.selectList     : <==      Total: 4
2026-05-13 14:12:13.261 INFO  [6fbc546e58c1] [nio-8080-exec-8] c.d.m.config.RequestLogInterceptor       : <<< GET /api/screenshot/pendingReview | 200 | 96ms
2026-05-13 14:12:13.264 DEBUG [5fcb53c6c349] [nio-8080-exec-4] c.d.m.m.G.selectList_mpCount             : <==      Total: 1
2026-05-13 14:12:13.264 DEBUG [681df00f1099] [io-8080-exec-10] c.d.m.m.GameAccountMapper.selectList     : <==      Total: 4
2026-05-13 14:12:13.265 INFO  [5fcb53c6c349] [nio-8080-exec-4] c.d.m.config.RequestLogInterceptor       : <<< GET /api/screenshot/list | 200 | 100ms
2026-05-13 14:12:13.265 INFO  [681df00f1099] [io-8080-exec-10] c.d.m.config.RequestLogInterceptor       : <<< GET /api/account/list | 200 | 100ms
2026-05-13 14:12:13.281 INFO  [d459a4afafee] [nio-8080-exec-9] c.d.m.config.RequestLogInterceptor       : >>> GET /api/screenshot/list?pageNo=1&pageSize=10 | IP=0:0:0:0:0:0:0:1
2026-05-13 14:12:13.282 DEBUG [d459a4afafee] [nio-8080-exec-9] c.d.m.m.GameAccountMapper.selectList     : ==>  Preparing: SELECT id FROM game_account WHERE (user_id = ?)
2026-05-13 14:12:13.282 DEBUG [d459a4afafee] [nio-8080-exec-9] c.d.m.m.GameAccountMapper.selectList     : ==> Parameters: 2054403907389030401(Long)
2026-05-13 14:12:13.312 DEBUG [d459a4afafee] [nio-8080-exec-9] c.d.m.m.GameAccountMapper.selectList     : <==      Total: 4
2026-05-13 14:12:13.318 DEBUG [d459a4afafee] [nio-8080-exec-9] c.d.m.m.G.selectList_mpCount             : ==>  Preparing: SELECT COUNT(*) AS total FROM game_screenshot_log WHERE (account_id IN (?, ?, ?, ?))
2026-05-13 14:12:13.318 DEBUG [d459a4afafee] [nio-8080-exec-9] c.d.m.m.G.selectList_mpCount             : ==> Parameters: 2054437452602015745(Long), 2054439784865726466(Long), 2054439827807010817(Long), 2054443847372046337(Long)
2026-05-13 14:12:13.350 DEBUG [d459a4afafee] [nio-8080-exec-9] c.d.m.m.G.selectList_mpCount             : <==      Total: 1
2026-05-13 14:12:13.352 INFO  [d459a4afafee] [nio-8080-exec-9] c.d.m.config.RequestLogInterceptor       : <<< GET /api/screenshot/list | 200 | 71ms
